Release 14.7 - xst P.20131013 (nt64)
Copyright (c) 1995-2013 Xilinx, Inc.  All rights reserved.
--> Parameter TMPDIR set to xst/projnav.tmp


Total REAL time to Xst completion: 0.00 secs
Total CPU time to Xst completion: 0.06 secs
 
--> Parameter xsthdpdir set to xst


Total REAL time to Xst completion: 0.00 secs
Total CPU time to Xst completion: 0.06 secs
 
--> Reading design: FF_DB_REG.prj

TABLE OF CONTENTS
  1) Synthesis Options Summary
  2) HDL Parsing
  3) HDL Elaboration
  4) HDL Synthesis
       4.1) HDL Synthesis Report
  5) Advanced HDL Synthesis
       5.1) Advanced HDL Synthesis Report
  6) Low Level Synthesis
  7) Partition Report
  8) Design Summary
       8.1) Primitive and Black Box Usage
       8.2) Device utilization summary
       8.3) Partition Resource Summary
       8.4) Timing Report
            8.4.1) Clock Information
            8.4.2) Asynchronous Control Signals Information
            8.4.3) Timing Summary
            8.4.4) Timing Details
            8.4.5) Cross Clock Domains Report


=========================================================================
*                      Synthesis Options Summary                        *
=========================================================================
---- Source Parameters
Input File Name                    : "FF_DB_REG.prj"
Ignore Synthesis Constraint File   : NO

---- Target Parameters
Output File Name                   : "FF_DB_REG"
Output Format                      : NGC
Target Device                      : xc6slx16-3-csg324

---- Source Options
Top Module Name                    : FF_DB_REG
Automatic FSM Extraction           : YES
FSM Encoding Algorithm             : Auto
Safe Implementation                : No
FSM Style                          : LUT
RAM Extraction                     : Yes
RAM Style                          : Auto
ROM Extraction                     : Yes
Shift Register Extraction          : YES
ROM Style                          : Auto
Resource Sharing                   : YES
Asynchronous To Synchronous        : NO
Shift Register Minimum Size        : 2
Use DSP Block                      : Auto
Automatic Register Balancing       : No

---- Target Options
LUT Combining                      : Auto
Reduce Control Sets                : Auto
Add IO Buffers                     : YES
Global Maximum Fanout              : 100000
Add Generic Clock Buffer(BUFG)     : 16
Register Duplication               : YES
Optimize Instantiated Primitives   : NO
Use Clock Enable                   : Auto
Use Synchronous Set                : Auto
Use Synchronous Reset              : Auto
Pack IO Registers into IOBs        : Auto
Equivalent register Removal        : YES

---- General Options
Optimization Goal                  : Area
Optimization Effort                : 2
Power Reduction                    : NO
Keep Hierarchy                     : No
Netlist Hierarchy                  : As_Optimized
RTL Output                         : Yes
Global Optimization                : AllClockNets
Read Cores                         : YES
Write Timing Constraints           : NO
Cross Clock Analysis               : NO
Hierarchy Separator                : /
Bus Delimiter                      : <>
Case Specifier                     : Maintain
Slice Utilization Ratio            : 100
BRAM Utilization Ratio             : 100
DSP48 Utilization Ratio            : 100
Auto BRAM Packing                  : NO
Slice Utilization Ratio Delta      : 5

=========================================================================


=========================================================================
*                          HDL Parsing                                  *
=========================================================================
Analyzing Verilog file "C:\Users\dkhoury\OneDrive\Documents\SourceTree-Masters\Verilog\ASICTesterVerilog\FF_REG.v" into library work
Parsing module <FF_REG>.
Analyzing Verilog file "C:\Users\dkhoury\OneDrive\Documents\SourceTree-Masters\Verilog\ASICTesterVerilog\DB_FF_REG.v" into library work
Parsing module <FF_DB_REG>.

=========================================================================
*                            HDL Elaboration                            *
=========================================================================

Elaborating module <FF_DB_REG>.

Elaborating module <FF_REG>.

=========================================================================
*                           HDL Synthesis                               *
=========================================================================

Synthesizing Unit <FF_DB_REG>.
    Related source file is "C:\Users\dkhoury\OneDrive\Documents\SourceTree-Masters\Verilog\ASICTesterVerilog\DB_FF_REG.v".
    Found 1-bit register for signal <buffer_out>.
    Found 1-bit register for signal <ff_data>.
    Found 1-bit register for signal <ff_out>.
    Found 1-bit register for signal <buffer_data>.
    Summary:
	inferred   4 D-type flip-flop(s).
	inferred   3 Multiplexer(s).
Unit <FF_DB_REG> synthesized.

Synthesizing Unit <FF_REG>.
    Related source file is "C:\Users\dkhoury\OneDrive\Documents\SourceTree-Masters\Verilog\ASICTesterVerilog\FF_REG.v".
        R0 = 1'b0
        DNRZ_L = 1'b1
    Found 1-bit register for signal <r0_val>.
    Found 1-bit register for signal <L_reg>.
    Found 1-bit register for signal <Q>.
    Found 8-bit register for signal <cycle_counter>.
    Found 8-bit subtractor for signal <GND_2_o_GND_2_o_sub_11_OUT> created at line 70.
    Found 8-bit adder for signal <cycle_counter[7]_GND_2_o_add_2_OUT> created at line 45.
    Found 8-bit comparator equal for signal <cycle_counter[7]_CYCLE_LENGTH[7]_equal_2_o> created at line 40
    Found 8-bit comparator equal for signal <cycle_counter[7]_GND_2_o_equal_8_o> created at line 56
    Found 8-bit comparator equal for signal <cycle_counter[7]_GND_2_o_equal_9_o> created at line 59
    Found 32-bit comparator equal for signal <GND_2_o_GND_2_o_equal_12_o> created at line 70
    Summary:
	inferred   2 Adder/Subtractor(s).
	inferred  11 D-type flip-flop(s).
	inferred   4 Comparator(s).
	inferred   1 Multiplexer(s).
Unit <FF_REG> synthesized.

=========================================================================
HDL Synthesis Report

Macro Statistics
# Adders/Subtractors                                   : 2
 8-bit adder                                           : 1
 8-bit subtractor                                      : 1
# Registers                                            : 8
 1-bit register                                        : 7
 8-bit register                                        : 1
# Comparators                                          : 4
 32-bit comparator equal                               : 1
 8-bit comparator equal                                : 3
# Multiplexers                                         : 4
 1-bit 2-to-1 multiplexer                              : 1
 7-bit 2-to-1 multiplexer                              : 2
 8-bit 2-to-1 multiplexer                              : 1

=========================================================================

=========================================================================
*                       Advanced HDL Synthesis                          *
=========================================================================


Synthesizing (advanced) Unit <FF_REG>.
The following registers are absorbed into counter <cycle_counter>: 1 register on signal <cycle_counter>.
Unit <FF_REG> synthesized (advanced).

=========================================================================
Advanced HDL Synthesis Report

Macro Statistics
# Adders/Subtractors                                   : 1
 8-bit subtractor                                      : 1
# Counters                                             : 1
 8-bit up counter                                      : 1
# Registers                                            : 7
 Flip-Flops                                            : 7
# Comparators                                          : 4
 32-bit comparator equal                               : 1
 8-bit comparator equal                                : 3
# Multiplexers                                         : 3
 7-bit 2-to-1 multiplexer                              : 2
 8-bit 2-to-1 multiplexer                              : 1

=========================================================================

=========================================================================
*                         Low Level Synthesis                           *
=========================================================================

Optimizing unit <FF_DB_REG> ...

Optimizing unit <FF_REG> ...

Mapping all equations...
Building and optimizing final netlist ...
Found area constraint ratio of 100 (+ 5) on block FF_DB_REG, actual ratio is 0.

Final Macro Processing ...

=========================================================================
Final Register Report

Macro Statistics
# Registers                                            : 15
 Flip-Flops                                            : 15

=========================================================================

=========================================================================
*                           Partition Report                            *
=========================================================================

Partition Implementation Status
-------------------------------

  No Partitions were found in this design.

-------------------------------

=========================================================================
*                            Design Summary                             *
=========================================================================

Top Level Output File Name         : FF_DB_REG.ngc

Primitive and Black Box Usage:
------------------------------
# BELS                             : 66
#      GND                         : 1
#      INV                         : 1
#      LUT1                        : 7
#      LUT2                        : 1
#      LUT3                        : 19
#      LUT4                        : 1
#      LUT5                        : 4
#      LUT6                        : 15
#      MUXCY                       : 7
#      MUXF7                       : 1
#      VCC                         : 1
#      XORCY                       : 8
# FlipFlops/Latches                : 15
#      FD                          : 2
#      FDR                         : 1
#      FDRE                        : 11
#      FDSE                        : 1
# Clock Buffers                    : 1
#      BUFGP                       : 1
# IO Buffers                       : 52
#      IBUF                        : 51
#      OBUF                        : 1

Device utilization summary:
---------------------------

Selected Device : 6slx16csg324-3 


Slice Logic Utilization: 
 Number of Slice Registers:              12  out of  18224     0%  
 Number of Slice LUTs:                   48  out of   9112     0%  
    Number used as Logic:                48  out of   9112     0%  

Slice Logic Distribution: 
 Number of LUT Flip Flop pairs used:     49
   Number with an unused Flip Flop:      37  out of     49    75%  
   Number with an unused LUT:             1  out of     49     2%  
   Number of fully used LUT-FF pairs:    11  out of     49    22%  
   Number of unique control sets:         5

IO Utilization: 
 Number of IOs:                          53
 Number of bonded IOBs:                  53  out of    232    22%  
    IOB Flip Flops/Latches:               3

Specific Feature Utilization:
 Number of BUFG/BUFGCTRLs:                1  out of     16     6%  

---------------------------
Partition Resource Summary:
---------------------------

  No Partitions were found in this design.

---------------------------


=========================================================================
Timing Report

NOTE: THESE TIMING NUMBERS ARE ONLY A SYNTHESIS ESTIMATE.
      FOR ACCURATE TIMING INFORMATION PLEASE REFER TO THE TRACE REPORT
      GENERATED AFTER PLACE-and-ROUTE.

Clock Information:
------------------
-----------------------------------+------------------------+-------+
Clock Signal                       | Clock buffer(FF name)  | Load  |
-----------------------------------+------------------------+-------+
CLK                                | BUFGP                  | 15    |
-----------------------------------+------------------------+-------+

Asynchronous Control Signals Information:
----------------------------------------
No asynchronous control signals found in this design

Timing Summary:
---------------
Speed Grade: -3

   Minimum period: 3.944ns (Maximum Frequency: 253.546MHz)
   Minimum input arrival time before clock: 6.219ns
   Maximum output required time after clock: 3.597ns
   Maximum combinational path delay: No path found

Timing Details:
---------------
All values displayed in nanoseconds (ns)

=========================================================================
Timing constraint: Default period analysis for Clock 'CLK'
  Clock period: 3.944ns (frequency: 253.546MHz)
  Total number of paths / destination ports: 166 / 21
-------------------------------------------------------------------------
Delay:               3.944ns (Levels of Logic = 3)
  Source:            ff_reg0/cycle_counter_1 (FF)
  Destination:       ff_reg0/cycle_counter_0 (FF)
  Source Clock:      CLK rising
  Destination Clock: CLK rising

  Data Path: ff_reg0/cycle_counter_1 to ff_reg0/cycle_counter_0
                                Gate     Net
    Cell:in->out      fanout   Delay   Delay  Logical Name (Net Name)
    ----------------------------------------  ------------
     FDRE:C->Q             7   0.447   1.138  ff_reg0/cycle_counter_1 (ff_reg0/cycle_counter_1)
     LUT6:I0->O            1   0.203   0.000  ff_reg0/RST_cycle_counter[7]_OR_8_o1_G (N11)
     MUXF7:I1->O           1   0.140   0.580  ff_reg0/RST_cycle_counter[7]_OR_8_o1 (ff_reg0/RST_cycle_counter[7]_OR_8_o1)
     LUT4:I3->O            8   0.205   0.802  ff_reg0/RST_cycle_counter[7]_OR_8_o4 (ff_reg0/RST_cycle_counter[7]_OR_8_o)
     FDRE:R                    0.430          ff_reg0/cycle_counter_1
    ----------------------------------------
    Total                      3.944ns (1.425ns logic, 2.519ns route)
                                       (36.1% logic, 63.9% route)

=========================================================================
Timing constraint: Default OFFSET IN BEFORE for Clock 'CLK'
  Total number of paths / destination ports: 296 / 29
-------------------------------------------------------------------------
Offset:              6.219ns (Levels of Logic = 4)
  Source:            TEST_CYCLE (PAD)
  Destination:       ff_reg0/cycle_counter_0 (FF)
  Destination Clock: CLK rising

  Data Path: TEST_CYCLE to ff_reg0/cycle_counter_0
                                Gate     Net
    Cell:in->out      fanout   Delay   Delay  Logical Name (Net Name)
    ----------------------------------------  ------------
     IBUF:I->O            24   1.222   1.401  TEST_CYCLE_IBUF (TEST_CYCLE_IBUF)
     LUT3:I0->O            1   0.205   0.944  Mmux_cycle_length41 (cycle_length<3>)
     LUT6:I0->O            1   0.203   0.808  ff_reg0/RST_cycle_counter[7]_OR_8_o3 (ff_reg0/RST_cycle_counter[7]_OR_8_o3)
     LUT4:I1->O            8   0.205   0.802  ff_reg0/RST_cycle_counter[7]_OR_8_o4 (ff_reg0/RST_cycle_counter[7]_OR_8_o)
     FDRE:R                    0.430          ff_reg0/cycle_counter_1
    ----------------------------------------
    Total                      6.219ns (2.265ns logic, 3.954ns route)
                                       (36.4% logic, 63.6% route)

=========================================================================
Timing constraint: Default OFFSET OUT AFTER for Clock 'CLK'
  Total number of paths / destination ports: 1 / 1
-------------------------------------------------------------------------
Offset:              3.597ns (Levels of Logic = 1)
  Source:            ff_reg0/Q (FF)
  Destination:       Q (PAD)
  Source Clock:      CLK rising

  Data Path: ff_reg0/Q to Q
                                Gate     Net
    Cell:in->out      fanout   Delay   Delay  Logical Name (Net Name)
    ----------------------------------------  ------------
     FD:C->Q               1   0.447   0.579  ff_reg0/Q (ff_reg0/Q)
     OBUF:I->O                 2.571          Q_OBUF (Q)
    ----------------------------------------
    Total                      3.597ns (3.018ns logic, 0.579ns route)
                                       (83.9% logic, 16.1% route)

=========================================================================

Cross Clock Domains Report:
--------------------------

Clock to Setup on destination clock CLK
---------------+---------+---------+---------+---------+
               | Src:Rise| Src:Fall| Src:Rise| Src:Fall|
Source Clock   |Dest:Rise|Dest:Rise|Dest:Fall|Dest:Fall|
---------------+---------+---------+---------+---------+
CLK            |    3.944|         |         |         |
---------------+---------+---------+---------+---------+

=========================================================================


Total REAL time to Xst completion: 5.00 secs
Total CPU time to Xst completion: 5.07 secs
 
--> 

Total memory usage is 257708 kilobytes

Number of errors   :    0 (   0 filtered)
Number of warnings :    0 (   0 filtered)
Number of infos    :    0 (   0 filtered)

