Release 14.7 - xst P.20131013 (nt64)
Copyright (c) 1995-2013 Xilinx, Inc.  All rights reserved.
--> Parameter TMPDIR set to xst/projnav.tmp


Total REAL time to Xst completion: 0.00 secs
Total CPU time to Xst completion: 0.06 secs
 
--> Parameter xsthdpdir set to xst


Total REAL time to Xst completion: 0.00 secs
Total CPU time to Xst completion: 0.06 secs
 
--> Reading design: FF_REG.prj

TABLE OF CONTENTS
  1) Synthesis Options Summary
  2) HDL Parsing
  3) HDL Elaboration
  4) HDL Synthesis
       4.1) HDL Synthesis Report
  5) Advanced HDL Synthesis
       5.1) Advanced HDL Synthesis Report
  6) Low Level Synthesis
  7) Partition Report
  8) Design Summary
       8.1) Primitive and Black Box Usage
       8.2) Device utilization summary
       8.3) Partition Resource Summary
       8.4) Timing Report
            8.4.1) Clock Information
            8.4.2) Asynchronous Control Signals Information
            8.4.3) Timing Summary
            8.4.4) Timing Details
            8.4.5) Cross Clock Domains Report


=========================================================================
*                      Synthesis Options Summary                        *
=========================================================================
---- Source Parameters
Input File Name                    : "FF_REG.prj"
Ignore Synthesis Constraint File   : NO

---- Target Parameters
Output File Name                   : "FF_REG"
Output Format                      : NGC
Target Device                      : xc6slx16-3-csg324

---- Source Options
Top Module Name                    : FF_REG
Automatic FSM Extraction           : YES
FSM Encoding Algorithm             : Auto
Safe Implementation                : No
FSM Style                          : LUT
RAM Extraction                     : Yes
RAM Style                          : Auto
ROM Extraction                     : Yes
Shift Register Extraction          : YES
ROM Style                          : Auto
Resource Sharing                   : YES
Asynchronous To Synchronous        : NO
Shift Register Minimum Size        : 2
Use DSP Block                      : Auto
Automatic Register Balancing       : No

---- Target Options
LUT Combining                      : Auto
Reduce Control Sets                : Auto
Add IO Buffers                     : YES
Global Maximum Fanout              : 100000
Add Generic Clock Buffer(BUFG)     : 16
Register Duplication               : YES
Optimize Instantiated Primitives   : NO
Use Clock Enable                   : Auto
Use Synchronous Set                : Auto
Use Synchronous Reset              : Auto
Pack IO Registers into IOBs        : Auto
Equivalent register Removal        : YES

---- General Options
Optimization Goal                  : Speed
Optimization Effort                : 1
Power Reduction                    : NO
Keep Hierarchy                     : No
Netlist Hierarchy                  : As_Optimized
RTL Output                         : Yes
Global Optimization                : AllClockNets
Read Cores                         : YES
Write Timing Constraints           : NO
Cross Clock Analysis               : NO
Hierarchy Separator                : /
Bus Delimiter                      : <>
Case Specifier                     : Maintain
Slice Utilization Ratio            : 100
BRAM Utilization Ratio             : 100
DSP48 Utilization Ratio            : 100
Auto BRAM Packing                  : NO
Slice Utilization Ratio Delta      : 5

=========================================================================


=========================================================================
*                          HDL Parsing                                  *
=========================================================================
Analyzing Verilog file "C:\Users\dkhoury\OneDrive\Documents\SourceTree-Masters\Verilog\ASICTesterVerilog\FF_REG.v" into library work
Parsing module <FF_REG>.

=========================================================================
*                            HDL Elaboration                            *
=========================================================================

Elaborating module <FF_REG>.

=========================================================================
*                           HDL Synthesis                               *
=========================================================================

Synthesizing Unit <FF_REG>.
    Related source file is "C:\Users\dkhoury\OneDrive\Documents\SourceTree-Masters\Verilog\ASICTesterVerilog\FF_REG.v".
        R0 = 2'b00
        R1 = 2'b01
        DNRZ_L = 2'b10
        DNRZ_T = 2'b11
    Found 1-bit register for signal <r0_val>.
    Found 1-bit register for signal <r1_val>.
    Found 1-bit register for signal <L_reg>.
    Found 1-bit register for signal <T_reg>.
    Found 1-bit register for signal <Q>.
    Found 8-bit register for signal <cycle_counter>.
    Found 8-bit adder for signal <cycle_counter[7]_GND_1_o_add_2_OUT> created at line 48.
    Found 1-bit 4-to-1 multiplexer for signal <FF[1]_T_reg_Mux_13_o> created at line 95.
    Found 8-bit comparator equal for signal <cycle_counter[7]_CYCLE_LENGTH[7]_equal_2_o> created at line 44
    Found 8-bit comparator equal for signal <cycle_counter[7]_GND_1_o_equal_7_o> created at line 60
    Found 8-bit comparator equal for signal <cycle_counter[7]_GND_1_o_equal_8_o> created at line 64
    Summary:
	inferred   1 Adder/Subtractor(s).
	inferred  13 D-type flip-flop(s).
	inferred   3 Comparator(s).
	inferred   2 Multiplexer(s).
Unit <FF_REG> synthesized.

=========================================================================
HDL Synthesis Report

Macro Statistics
# Adders/Subtractors                                   : 1
 8-bit adder                                           : 1
# Registers                                            : 6
 1-bit register                                        : 5
 8-bit register                                        : 1
# Comparators                                          : 3
 8-bit comparator equal                                : 3
# Multiplexers                                         : 2
 1-bit 2-to-1 multiplexer                              : 1
 1-bit 4-to-1 multiplexer                              : 1

=========================================================================

=========================================================================
*                       Advanced HDL Synthesis                          *
=========================================================================


Synthesizing (advanced) Unit <FF_REG>.
The following registers are absorbed into counter <cycle_counter>: 1 register on signal <cycle_counter>.
Unit <FF_REG> synthesized (advanced).

=========================================================================
Advanced HDL Synthesis Report

Macro Statistics
# Counters                                             : 1
 8-bit up counter                                      : 1
# Registers                                            : 5
 Flip-Flops                                            : 5
# Comparators                                          : 3
 8-bit comparator equal                                : 3
# Multiplexers                                         : 1
 1-bit 4-to-1 multiplexer                              : 1

=========================================================================

=========================================================================
*                         Low Level Synthesis                           *
=========================================================================

Optimizing unit <FF_REG> ...

Mapping all equations...
Building and optimizing final netlist ...
Found area constraint ratio of 100 (+ 5) on block FF_REG, actual ratio is 0.

Final Macro Processing ...

=========================================================================
Final Register Report

Macro Statistics
# Registers                                            : 13
 Flip-Flops                                            : 13

=========================================================================

=========================================================================
*                           Partition Report                            *
=========================================================================

Partition Implementation Status
-------------------------------

  No Partitions were found in this design.

-------------------------------

=========================================================================
*                            Design Summary                             *
=========================================================================

Top Level Output File Name         : FF_REG.ngc

Primitive and Black Box Usage:
------------------------------
# BELS                             : 41
#      GND                         : 1
#      INV                         : 1
#      LUT1                        : 7
#      LUT3                        : 1
#      LUT4                        : 3
#      LUT5                        : 2
#      LUT6                        : 10
#      MUXCY                       : 7
#      VCC                         : 1
#      XORCY                       : 8
# FlipFlops/Latches                : 13
#      FD                          : 2
#      FDR                         : 9
#      FDRE_1                      : 1
#      FDS                         : 1
# Clock Buffers                    : 1
#      BUFGP                       : 1
# IO Buffers                       : 27
#      IBUF                        : 26
#      OBUF                        : 1

Device utilization summary:
---------------------------

Selected Device : 6slx16csg324-3 


Slice Logic Utilization: 
 Number of Slice Registers:              13  out of  18224     0%  
 Number of Slice LUTs:                   24  out of   9112     0%  
    Number used as Logic:                24  out of   9112     0%  

Slice Logic Distribution: 
 Number of LUT Flip Flop pairs used:     24
   Number with an unused Flip Flop:      11  out of     24    45%  
   Number with an unused LUT:             0  out of     24     0%  
   Number of fully used LUT-FF pairs:    13  out of     24    54%  
   Number of unique control sets:         4

IO Utilization: 
 Number of IOs:                          28
 Number of bonded IOBs:                  28  out of    232    12%  

Specific Feature Utilization:
 Number of BUFG/BUFGCTRLs:                1  out of     16     6%  

---------------------------
Partition Resource Summary:
---------------------------

  No Partitions were found in this design.

---------------------------


=========================================================================
Timing Report

NOTE: THESE TIMING NUMBERS ARE ONLY A SYNTHESIS ESTIMATE.
      FOR ACCURATE TIMING INFORMATION PLEASE REFER TO THE TRACE REPORT
      GENERATED AFTER PLACE-and-ROUTE.

Clock Information:
------------------
-----------------------------------+------------------------+-------+
Clock Signal                       | Clock buffer(FF name)  | Load  |
-----------------------------------+------------------------+-------+
CLK                                | BUFGP                  | 13    |
-----------------------------------+------------------------+-------+

Asynchronous Control Signals Information:
----------------------------------------
No asynchronous control signals found in this design

Timing Summary:
---------------
Speed Grade: -3

   Minimum period: 5.004ns (Maximum Frequency: 199.856MHz)
   Minimum input arrival time before clock: 5.040ns
   Maximum output required time after clock: 3.597ns
   Maximum combinational path delay: No path found

Timing Details:
---------------
All values displayed in nanoseconds (ns)

=========================================================================
Timing constraint: Default period analysis for Clock 'CLK'
  Clock period: 5.004ns (frequency: 199.856MHz)
  Total number of paths / destination ports: 180 / 22
-------------------------------------------------------------------------
Delay:               2.502ns (Levels of Logic = 1)
  Source:            cycle_counter_5 (FF)
  Destination:       T_reg (FF)
  Source Clock:      CLK rising
  Destination Clock: CLK falling

  Data Path: cycle_counter_5 to T_reg
                                Gate     Net
    Cell:in->out      fanout   Delay   Delay  Logical Name (Net Name)
    ----------------------------------------  ------------
     FDR:C->Q              4   0.447   0.912  cycle_counter_5 (cycle_counter_5)
     LUT6:I3->O            2   0.205   0.616  cycle_counter[7]_GND_1_o_equal_8_o81 (cycle_counter[7]_GND_1_o_equal_8_o8)
     FDRE_1:CE                 0.322          T_reg
    ----------------------------------------
    Total                      2.502ns (0.974ns logic, 1.528ns route)
                                       (38.9% logic, 61.1% route)

=========================================================================
Timing constraint: Default OFFSET IN BEFORE for Clock 'CLK'
  Total number of paths / destination ports: 145 / 17
-------------------------------------------------------------------------
Offset:              5.040ns (Levels of Logic = 5)
  Source:            TRAILING_EDGE<2> (PAD)
  Destination:       r1_val (FF)
  Destination Clock: CLK rising

  Data Path: TRAILING_EDGE<2> to r1_val
                                Gate     Net
    Cell:in->out      fanout   Delay   Delay  Logical Name (Net Name)
    ----------------------------------------  ------------
     IBUF:I->O             1   1.222   0.944  TRAILING_EDGE_2_IBUF (TRAILING_EDGE_2_IBUF)
     LUT6:I0->O            2   0.203   0.721  cycle_counter[7]_GND_1_o_equal_8_o82 (cycle_counter[7]_GND_1_o_equal_8_o81)
     LUT5:I3->O            2   0.203   0.617  cycle_counter[7]_GND_1_o_equal_8_o83 (cycle_counter[7]_GND_1_o_equal_8_o)
     LUT6:I5->O            2   0.205   0.617  cycle_counter[7]_GND_1_o_equal_7_o11 (cycle_counter[7]_GND_1_o_equal_7_o1)
     LUT4:I3->O            1   0.205   0.000  r1_val_rstpot (r1_val_rstpot)
     FDS:D                     0.102          r1_val
    ----------------------------------------
    Total                      5.040ns (2.140ns logic, 2.900ns route)
                                       (42.5% logic, 57.5% route)

=========================================================================
Timing constraint: Default OFFSET OUT AFTER for Clock 'CLK'
  Total number of paths / destination ports: 1 / 1
-------------------------------------------------------------------------
Offset:              3.597ns (Levels of Logic = 1)
  Source:            Q (FF)
  Destination:       Q (PAD)
  Source Clock:      CLK rising

  Data Path: Q to Q
                                Gate     Net
    Cell:in->out      fanout   Delay   Delay  Logical Name (Net Name)
    ----------------------------------------  ------------
     FD:C->Q               1   0.447   0.579  Q (Q_OBUF)
     OBUF:I->O                 2.571          Q_OBUF (Q)
    ----------------------------------------
    Total                      3.597ns (3.018ns logic, 0.579ns route)
                                       (83.9% logic, 16.1% route)

=========================================================================

Cross Clock Domains Report:
--------------------------

Clock to Setup on destination clock CLK
---------------+---------+---------+---------+---------+
               | Src:Rise| Src:Fall| Src:Rise| Src:Fall|
Source Clock   |Dest:Rise|Dest:Rise|Dest:Fall|Dest:Fall|
---------------+---------+---------+---------+---------+
CLK            |    4.234|    1.599|    2.502|         |
---------------+---------+---------+---------+---------+

=========================================================================


Total REAL time to Xst completion: 5.00 secs
Total CPU time to Xst completion: 4.81 secs
 
--> 

Total memory usage is 254024 kilobytes

Number of errors   :    0 (   0 filtered)
Number of warnings :    0 (   0 filtered)
Number of infos    :    0 (   0 filtered)

