--------------------------------------------------------------------------------
Release 14.7 Trace  (nt64)
Copyright (c) 1995-2013 Xilinx, Inc.  All rights reserved.

C:\Xilinx\14.7\ISE_DS\ISE\bin\nt64\unwrapped\trce.exe -intstyle ise -v 3 -s 3
-n 3 -fastpaths -xml TOP_MODULE.twx TOP_MODULE.ncd -o TOP_MODULE.twr
TOP_MODULE.pcf -ucf TOP_MODULE.ucf

Design file:              TOP_MODULE.ncd
Physical constraint file: TOP_MODULE.pcf
Device,package,speed:     xc6slx16,csg324,C,-3 (PRODUCTION 1.23 2013-10-13)
Report level:             verbose report

Environment Variable      Effect 
--------------------      ------ 
NONE                      No environment variables were set
--------------------------------------------------------------------------------

INFO:Timing:2698 - No timing constraints found, doing default enumeration.
INFO:Timing:3412 - To improve timing, see the Timing Closure User Guide (UG612).
INFO:Timing:2752 - To get complete path coverage, use the unconstrained paths 
   option. All paths that are not constrained will be reported in the 
   unconstrained paths section(s) of the report.
INFO:Timing:3339 - The clock-to-out numbers in this timing report are based on 
   a 50 Ohm transmission line loading model.  For the details of this model, 
   and for more information on accounting for different loading conditions, 
   please see the device datasheet.



Data Sheet report:
-----------------
All values displayed in nanoseconds (ns)

Setup/Hold to clock CLK
------------+------------+------------+------------+------------+------------------+--------+
            |Max Setup to|  Process   |Max Hold to |  Process   |                  | Clock  |
Source      | clk (edge) |   Corner   | clk (edge) |   Corner   |Internal Clock(s) | Phase  |
------------+------------+------------+------------+------------+------------------+--------+
Q           |    2.858(R)|      SLOW  |   -0.372(R)|      SLOW  |CLK_BUFGP         |   0.000|
RST         |    9.039(R)|      SLOW  |    0.744(R)|      SLOW  |CLK_BUFGP         |   0.000|
RX          |    5.409(R)|      SLOW  |   -0.937(R)|      FAST  |CLK_BUFGP         |   0.000|
------------+------------+------------+------------+------------+------------------+--------+

Clock CLK to Pad
-------------+-----------------+------------+-----------------+------------+------------------+--------+
             |Max (slowest) clk|  Process   |Min (fastest) clk|  Process   |                  | Clock  |
Destination  |  (edge) to PAD  |   Corner   |  (edge) to PAD  |   Corner   |Internal Clock(s) | Phase  |
-------------+-----------------+------------+-----------------+------------+------------------+--------+
COUNTER_CLK_1|         6.450(R)|      SLOW  |         2.990(R)|      FAST  |CLK_BUFGP         |   0.000|
COUNTER_CLK_2|         6.534(R)|      SLOW  |         3.074(R)|      FAST  |CLK_BUFGP         |   0.000|
COUNTER_CLK_3|         6.566(R)|      SLOW  |         3.106(R)|      FAST  |CLK_BUFGP         |   0.000|
COUNTER_CLK_4|         6.574(R)|      SLOW  |         3.114(R)|      FAST  |CLK_BUFGP         |   0.000|
COUNTER_RST  |         7.186(R)|      SLOW  |         3.683(R)|      FAST  |CLK_BUFGP         |   0.000|
CS_BAR_1     |         6.567(R)|      SLOW  |         3.107(R)|      FAST  |CLK_BUFGP         |   0.000|
CS_BAR_2     |         6.478(R)|      SLOW  |         3.018(R)|      FAST  |CLK_BUFGP         |   0.000|
CS_BAR_3     |         6.562(R)|      SLOW  |         3.102(R)|      FAST  |CLK_BUFGP         |   0.000|
CS_BAR_4     |         6.446(R)|      SLOW  |         2.986(R)|      FAST  |CLK_BUFGP         |   0.000|
MR_BAR       |        10.037(R)|      SLOW  |         4.673(R)|      FAST  |CLK_BUFGP         |   0.000|
OE_BAR       |         6.504(R)|      SLOW  |         3.044(R)|      FAST  |CLK_BUFGP         |   0.000|
PL_BAR       |        10.607(R)|      SLOW  |         5.826(R)|      FAST  |CLK_BUFGP         |   0.000|
SHCP         |         6.531(R)|      SLOW  |         3.071(R)|      FAST  |CLK_BUFGP         |   0.000|
SIGNALS<0>   |         6.576(R)|      SLOW  |         3.008(R)|      FAST  |CLK_BUFGP         |   0.000|
SIGNALS<1>   |         6.517(R)|      SLOW  |         2.949(R)|      FAST  |CLK_BUFGP         |   0.000|
SIGNALS<2>   |         6.525(R)|      SLOW  |         2.957(R)|      FAST  |CLK_BUFGP         |   0.000|
SIGNALS<3>   |         6.551(R)|      SLOW  |         2.983(R)|      FAST  |CLK_BUFGP         |   0.000|
SIGNALS<4>   |         6.535(R)|      SLOW  |         2.967(R)|      FAST  |CLK_BUFGP         |   0.000|
SIGNALS<5>   |         6.500(R)|      SLOW  |         2.932(R)|      FAST  |CLK_BUFGP         |   0.000|
SIGNALS<6>   |         6.529(R)|      SLOW  |         2.961(R)|      FAST  |CLK_BUFGP         |   0.000|
SIGNALS<7>   |         6.482(R)|      SLOW  |         2.914(R)|      FAST  |CLK_BUFGP         |   0.000|
SIGNALS<8>   |         6.492(R)|      SLOW  |         2.924(R)|      FAST  |CLK_BUFGP         |   0.000|
SIGNALS<9>   |         6.477(R)|      SLOW  |         2.909(R)|      FAST  |CLK_BUFGP         |   0.000|
SIGNALS<10>  |         6.499(R)|      SLOW  |         2.931(R)|      FAST  |CLK_BUFGP         |   0.000|
SIGNALS<11>  |         6.522(R)|      SLOW  |         2.954(R)|      FAST  |CLK_BUFGP         |   0.000|
SIGNALS<12>  |         6.529(R)|      SLOW  |         2.961(R)|      FAST  |CLK_BUFGP         |   0.000|
SIGNALS<13>  |         6.530(R)|      SLOW  |         2.962(R)|      FAST  |CLK_BUFGP         |   0.000|
SIGNALS<14>  |         6.580(R)|      SLOW  |         3.012(R)|      FAST  |CLK_BUFGP         |   0.000|
SIGNALS<15>  |         6.439(R)|      SLOW  |         2.871(R)|      FAST  |CLK_BUFGP         |   0.000|
SIGNALS<16>  |         6.447(R)|      SLOW  |         2.879(R)|      FAST  |CLK_BUFGP         |   0.000|
SIGNALS<17>  |         6.444(R)|      SLOW  |         2.876(R)|      FAST  |CLK_BUFGP         |   0.000|
SIGNALS<18>  |         6.439(R)|      SLOW  |         2.871(R)|      FAST  |CLK_BUFGP         |   0.000|
SIGNALS<19>  |         6.447(R)|      SLOW  |         2.879(R)|      FAST  |CLK_BUFGP         |   0.000|
SIGNALS<20>  |         6.499(R)|      SLOW  |         2.931(R)|      FAST  |CLK_BUFGP         |   0.000|
SIGNALS<21>  |         6.522(R)|      SLOW  |         2.954(R)|      FAST  |CLK_BUFGP         |   0.000|
SIGNALS<22>  |         6.529(R)|      SLOW  |         2.961(R)|      FAST  |CLK_BUFGP         |   0.000|
SIGNALS<23>  |         6.530(R)|      SLOW  |         2.962(R)|      FAST  |CLK_BUFGP         |   0.000|
SIGNALS<24>  |         6.580(R)|      SLOW  |         3.012(R)|      FAST  |CLK_BUFGP         |   0.000|
SIGNALS<25>  |         6.439(R)|      SLOW  |         2.871(R)|      FAST  |CLK_BUFGP         |   0.000|
SIGNALS<26>  |         6.447(R)|      SLOW  |         2.879(R)|      FAST  |CLK_BUFGP         |   0.000|
SIGNALS<27>  |         6.444(R)|      SLOW  |         2.876(R)|      FAST  |CLK_BUFGP         |   0.000|
SIGNALS<28>  |         6.439(R)|      SLOW  |         2.871(R)|      FAST  |CLK_BUFGP         |   0.000|
SIGNALS<29>  |         6.447(R)|      SLOW  |         2.879(R)|      FAST  |CLK_BUFGP         |   0.000|
SIGNALS<30>  |         6.576(R)|      SLOW  |         3.008(R)|      FAST  |CLK_BUFGP         |   0.000|
SIGNALS<31>  |         6.517(R)|      SLOW  |         2.949(R)|      FAST  |CLK_BUFGP         |   0.000|
SIGNALS<32>  |         6.525(R)|      SLOW  |         2.957(R)|      FAST  |CLK_BUFGP         |   0.000|
SIGNALS<33>  |         6.551(R)|      SLOW  |         2.983(R)|      FAST  |CLK_BUFGP         |   0.000|
SIGNALS<34>  |         6.535(R)|      SLOW  |         2.967(R)|      FAST  |CLK_BUFGP         |   0.000|
SIGNALS<35>  |         6.500(R)|      SLOW  |         2.932(R)|      FAST  |CLK_BUFGP         |   0.000|
SIGNALS<36>  |         6.529(R)|      SLOW  |         2.961(R)|      FAST  |CLK_BUFGP         |   0.000|
SIGNALS<37>  |         6.482(R)|      SLOW  |         2.914(R)|      FAST  |CLK_BUFGP         |   0.000|
SIGNALS<38>  |         6.492(R)|      SLOW  |         2.924(R)|      FAST  |CLK_BUFGP         |   0.000|
SIGNALS<39>  |         6.477(R)|      SLOW  |         2.909(R)|      FAST  |CLK_BUFGP         |   0.000|
SIGNALS<40>  |         6.550(R)|      SLOW  |         2.982(R)|      FAST  |CLK_BUFGP         |   0.000|
SIGNALS<41>  |         6.543(R)|      SLOW  |         2.975(R)|      FAST  |CLK_BUFGP         |   0.000|
SIGNALS<42>  |         6.527(R)|      SLOW  |         2.959(R)|      FAST  |CLK_BUFGP         |   0.000|
SIGNALS<43>  |         6.479(R)|      SLOW  |         2.911(R)|      FAST  |CLK_BUFGP         |   0.000|
SIGNALS<44>  |         6.484(R)|      SLOW  |         2.916(R)|      FAST  |CLK_BUFGP         |   0.000|
SIGNALS<45>  |         6.493(R)|      SLOW  |         2.925(R)|      FAST  |CLK_BUFGP         |   0.000|
SIGNALS<46>  |         6.513(R)|      SLOW  |         2.945(R)|      FAST  |CLK_BUFGP         |   0.000|
SIGNALS<47>  |         6.563(R)|      SLOW  |         2.995(R)|      FAST  |CLK_BUFGP         |   0.000|
SIGNALS<48>  |         6.567(R)|      SLOW  |         2.999(R)|      FAST  |CLK_BUFGP         |   0.000|
SIGNALS<49>  |         6.575(R)|      SLOW  |         3.007(R)|      FAST  |CLK_BUFGP         |   0.000|
SIGNALS<50>  |         6.439(R)|      SLOW  |         2.871(R)|      FAST  |CLK_BUFGP         |   0.000|
SIGNALS<51>  |         6.441(R)|      SLOW  |         2.873(R)|      FAST  |CLK_BUFGP         |   0.000|
SIGNALS<52>  |         6.444(R)|      SLOW  |         2.876(R)|      FAST  |CLK_BUFGP         |   0.000|
SIGNALS<53>  |         6.450(R)|      SLOW  |         2.882(R)|      FAST  |CLK_BUFGP         |   0.000|
SIGNALS<54>  |         6.441(R)|      SLOW  |         2.873(R)|      FAST  |CLK_BUFGP         |   0.000|
SIGNALS<55>  |         6.449(R)|      SLOW  |         2.881(R)|      FAST  |CLK_BUFGP         |   0.000|
SIGNALS<56>  |         6.580(R)|      SLOW  |         3.012(R)|      FAST  |CLK_BUFGP         |   0.000|
SIGNALS<57>  |         6.573(R)|      SLOW  |         3.005(R)|      FAST  |CLK_BUFGP         |   0.000|
SIGNALS<58>  |         6.568(R)|      SLOW  |         3.000(R)|      FAST  |CLK_BUFGP         |   0.000|
SIGNALS<59>  |         6.505(R)|      SLOW  |         2.937(R)|      FAST  |CLK_BUFGP         |   0.000|
SIGNALS<60>  |         6.439(R)|      SLOW  |         2.871(R)|      FAST  |CLK_BUFGP         |   0.000|
SIGNALS<61>  |         6.441(R)|      SLOW  |         2.873(R)|      FAST  |CLK_BUFGP         |   0.000|
SIGNALS<62>  |         6.444(R)|      SLOW  |         2.876(R)|      FAST  |CLK_BUFGP         |   0.000|
SIGNALS<63>  |         6.450(R)|      SLOW  |         2.882(R)|      FAST  |CLK_BUFGP         |   0.000|
SIGNALS<64>  |         6.441(R)|      SLOW  |         2.873(R)|      FAST  |CLK_BUFGP         |   0.000|
SIGNALS<65>  |         6.449(R)|      SLOW  |         2.881(R)|      FAST  |CLK_BUFGP         |   0.000|
SIGNALS<66>  |         6.580(R)|      SLOW  |         3.012(R)|      FAST  |CLK_BUFGP         |   0.000|
SIGNALS<67>  |         6.573(R)|      SLOW  |         3.005(R)|      FAST  |CLK_BUFGP         |   0.000|
SIGNALS<68>  |         6.568(R)|      SLOW  |         3.000(R)|      FAST  |CLK_BUFGP         |   0.000|
SIGNALS<69>  |         6.505(R)|      SLOW  |         2.937(R)|      FAST  |CLK_BUFGP         |   0.000|
SIGNALS<70>  |         6.550(R)|      SLOW  |         2.982(R)|      FAST  |CLK_BUFGP         |   0.000|
SIGNALS<71>  |         6.543(R)|      SLOW  |         2.975(R)|      FAST  |CLK_BUFGP         |   0.000|
SIGNALS<72>  |         6.527(R)|      SLOW  |         2.959(R)|      FAST  |CLK_BUFGP         |   0.000|
SIGNALS<73>  |         6.479(R)|      SLOW  |         2.911(R)|      FAST  |CLK_BUFGP         |   0.000|
SIGNALS<74>  |         6.484(R)|      SLOW  |         2.916(R)|      FAST  |CLK_BUFGP         |   0.000|
SIGNALS<75>  |         6.493(R)|      SLOW  |         2.925(R)|      FAST  |CLK_BUFGP         |   0.000|
SIGNALS<76>  |         6.513(R)|      SLOW  |         2.945(R)|      FAST  |CLK_BUFGP         |   0.000|
SIGNALS<77>  |         6.563(R)|      SLOW  |         2.995(R)|      FAST  |CLK_BUFGP         |   0.000|
SIGNALS<78>  |         6.567(R)|      SLOW  |         2.999(R)|      FAST  |CLK_BUFGP         |   0.000|
SIGNALS<79>  |         6.575(R)|      SLOW  |         3.007(R)|      FAST  |CLK_BUFGP         |   0.000|
SIGNALS<80>  |         6.449(R)|      SLOW  |         2.881(R)|      FAST  |CLK_BUFGP         |   0.000|
SIGNALS<81>  |         6.451(R)|      SLOW  |         2.883(R)|      FAST  |CLK_BUFGP         |   0.000|
SIGNALS<82>  |         6.439(R)|      SLOW  |         2.871(R)|      FAST  |CLK_BUFGP         |   0.000|
SIGNALS<83>  |         6.578(R)|      SLOW  |         3.010(R)|      FAST  |CLK_BUFGP         |   0.000|
SIGNALS<84>  |         6.570(R)|      SLOW  |         3.002(R)|      FAST  |CLK_BUFGP         |   0.000|
SIGNALS<85>  |         6.498(R)|      SLOW  |         2.930(R)|      FAST  |CLK_BUFGP         |   0.000|
SIGNALS<86>  |         6.555(R)|      SLOW  |         2.987(R)|      FAST  |CLK_BUFGP         |   0.000|
SIGNALS<87>  |         6.549(R)|      SLOW  |         2.981(R)|      FAST  |CLK_BUFGP         |   0.000|
SIGNALS<88>  |         6.476(R)|      SLOW  |         2.908(R)|      FAST  |CLK_BUFGP         |   0.000|
SIGNALS<89>  |         6.528(R)|      SLOW  |         2.960(R)|      FAST  |CLK_BUFGP         |   0.000|
SIGNALS<90>  |         6.498(R)|      SLOW  |         2.930(R)|      FAST  |CLK_BUFGP         |   0.000|
SIGNALS<91>  |         6.542(R)|      SLOW  |         2.974(R)|      FAST  |CLK_BUFGP         |   0.000|
SIGNALS<92>  |         6.512(R)|      SLOW  |         2.944(R)|      FAST  |CLK_BUFGP         |   0.000|
SIGNALS<93>  |         6.524(R)|      SLOW  |         2.956(R)|      FAST  |CLK_BUFGP         |   0.000|
SIGNALS<94>  |         6.516(R)|      SLOW  |         2.948(R)|      FAST  |CLK_BUFGP         |   0.000|
SIGNALS<95>  |         6.523(R)|      SLOW  |         2.955(R)|      FAST  |CLK_BUFGP         |   0.000|
SIGNALS<96>  |         6.523(R)|      SLOW  |         2.955(R)|      FAST  |CLK_BUFGP         |   0.000|
SIGNALS<97>  |         6.516(R)|      SLOW  |         2.948(R)|      FAST  |CLK_BUFGP         |   0.000|
SIGNALS<98>  |         6.524(R)|      SLOW  |         2.956(R)|      FAST  |CLK_BUFGP         |   0.000|
SIGNALS<99>  |         6.512(R)|      SLOW  |         2.944(R)|      FAST  |CLK_BUFGP         |   0.000|
SIGNALS<100> |         6.542(R)|      SLOW  |         2.974(R)|      FAST  |CLK_BUFGP         |   0.000|
SIGNALS<101> |         6.498(R)|      SLOW  |         2.930(R)|      FAST  |CLK_BUFGP         |   0.000|
SIGNALS<102> |         6.449(R)|      SLOW  |         2.881(R)|      FAST  |CLK_BUFGP         |   0.000|
SIGNALS<103> |         6.451(R)|      SLOW  |         2.883(R)|      FAST  |CLK_BUFGP         |   0.000|
SIGNALS<104> |         6.439(R)|      SLOW  |         2.871(R)|      FAST  |CLK_BUFGP         |   0.000|
SIGNALS<105> |         6.578(R)|      SLOW  |         3.010(R)|      FAST  |CLK_BUFGP         |   0.000|
SIGNALS<106> |         6.570(R)|      SLOW  |         3.002(R)|      FAST  |CLK_BUFGP         |   0.000|
SIGNALS<107> |         6.498(R)|      SLOW  |         2.930(R)|      FAST  |CLK_BUFGP         |   0.000|
SIGNALS<108> |         6.555(R)|      SLOW  |         2.987(R)|      FAST  |CLK_BUFGP         |   0.000|
SIGNALS<109> |         6.549(R)|      SLOW  |         2.981(R)|      FAST  |CLK_BUFGP         |   0.000|
SIGNALS<110> |         6.476(R)|      SLOW  |         2.908(R)|      FAST  |CLK_BUFGP         |   0.000|
SIGNALS<111> |         6.528(R)|      SLOW  |         2.960(R)|      FAST  |CLK_BUFGP         |   0.000|
SIGNALS<112> |         6.504(R)|      SLOW  |         2.936(R)|      FAST  |CLK_BUFGP         |   0.000|
SIGNALS<113> |         6.567(R)|      SLOW  |         2.999(R)|      FAST  |CLK_BUFGP         |   0.000|
SIGNALS<114> |         6.576(R)|      SLOW  |         3.008(R)|      FAST  |CLK_BUFGP         |   0.000|
SIGNALS<115> |         6.444(R)|      SLOW  |         2.876(R)|      FAST  |CLK_BUFGP         |   0.000|
SIGNALS<116> |         6.450(R)|      SLOW  |         2.882(R)|      FAST  |CLK_BUFGP         |   0.000|
SIGNALS<117> |         6.446(R)|      SLOW  |         2.878(R)|      FAST  |CLK_BUFGP         |   0.000|
SIGNALS<118> |         6.450(R)|      SLOW  |         2.882(R)|      FAST  |CLK_BUFGP         |   0.000|
SIGNALS<119> |         6.446(R)|      SLOW  |         2.878(R)|      FAST  |CLK_BUFGP         |   0.000|
SIGNALS<120> |         6.449(R)|      SLOW  |         2.881(R)|      FAST  |CLK_BUFGP         |   0.000|
SIGNALS<121> |         6.444(R)|      SLOW  |         2.876(R)|      FAST  |CLK_BUFGP         |   0.000|
SIGNALS<122> |         6.531(R)|      SLOW  |         2.963(R)|      FAST  |CLK_BUFGP         |   0.000|
SIGNALS<123> |         6.541(R)|      SLOW  |         2.973(R)|      FAST  |CLK_BUFGP         |   0.000|
SIGNALS<124> |         6.478(R)|      SLOW  |         2.910(R)|      FAST  |CLK_BUFGP         |   0.000|
SIGNALS<125> |         6.483(R)|      SLOW  |         2.915(R)|      FAST  |CLK_BUFGP         |   0.000|
STCP         |         6.541(R)|      SLOW  |         3.081(R)|      FAST  |CLK_BUFGP         |   0.000|
TX           |         6.534(R)|      SLOW  |         3.074(R)|      FAST  |CLK_BUFGP         |   0.000|
VT_EN        |         6.449(R)|      SLOW  |         2.989(R)|      FAST  |CLK_BUFGP         |   0.000|
WE_BAR_1     |         6.444(R)|      SLOW  |         2.984(R)|      FAST  |CLK_BUFGP         |   0.000|
WE_BAR_2     |         6.483(R)|      SLOW  |         3.023(R)|      FAST  |CLK_BUFGP         |   0.000|
WE_BAR_3     |         6.549(R)|      SLOW  |         3.089(R)|      FAST  |CLK_BUFGP         |   0.000|
WE_BAR_4     |         6.450(R)|      SLOW  |         2.990(R)|      FAST  |CLK_BUFGP         |   0.000|
-------------+-----------------+------------+-----------------+------------+------------------+--------+

Clock to Setup on destination clock CLK
---------------+---------+---------+---------+---------+
               | Src:Rise| Src:Fall| Src:Rise| Src:Fall|
Source Clock   |Dest:Rise|Dest:Rise|Dest:Fall|Dest:Fall|
---------------+---------+---------+---------+---------+
CLK            |    6.745|         |         |         |
---------------+---------+---------+---------+---------+

Pad to Pad
---------------+---------------+---------+
Source Pad     |Destination Pad|  Delay  |
---------------+---------------+---------+
RST            |ERROR          |    6.484|
---------------+---------------+---------+


Analysis completed Tue Apr 26 21:43:49 2016 
--------------------------------------------------------------------------------

Trace Settings:
-------------------------
Trace Settings 

Peak Memory Usage: 286 MB



