--------------------------------------------------------------------------------
Release 14.7 Trace  (nt64)
Copyright (c) 1995-2013 Xilinx, Inc.  All rights reserved.

C:\Xilinx\14.7\ISE_DS\ISE\bin\nt64\unwrapped\trce.exe -intstyle ise -v 3 -s 3
-n 3 -fastpaths -xml TOP_MODULE.twx TOP_MODULE.ncd -o TOP_MODULE.twr
TOP_MODULE.pcf -ucf TOP_MODULE.ucf

Design file:              TOP_MODULE.ncd
Physical constraint file: TOP_MODULE.pcf
Device,package,speed:     xc6slx16,csg324,C,-3 (PRODUCTION 1.23 2013-10-13)
Report level:             verbose report

Environment Variable      Effect 
--------------------      ------ 
NONE                      No environment variables were set
--------------------------------------------------------------------------------

INFO:Timing:2698 - No timing constraints found, doing default enumeration.
INFO:Timing:3412 - To improve timing, see the Timing Closure User Guide (UG612).
INFO:Timing:2752 - To get complete path coverage, use the unconstrained paths 
   option. All paths that are not constrained will be reported in the 
   unconstrained paths section(s) of the report.
INFO:Timing:3339 - The clock-to-out numbers in this timing report are based on 
   a 50 Ohm transmission line loading model.  For the details of this model, 
   and for more information on accounting for different loading conditions, 
   please see the device datasheet.



Data Sheet report:
-----------------
All values displayed in nanoseconds (ns)

Setup/Hold to clock CLK
------------+------------+------------+------------+------------+------------------+--------+
            |Max Setup to|  Process   |Max Hold to |  Process   |                  | Clock  |
Source      | clk (edge) |   Corner   | clk (edge) |   Corner   |Internal Clock(s) | Phase  |
------------+------------+------------+------------+------------+------------------+--------+
Q           |    3.867(R)|      SLOW  |   -0.296(R)|      SLOW  |CLK_BUFGP         |   0.000|
RST         |    9.640(R)|      SLOW  |    0.407(R)|      SLOW  |CLK_BUFGP         |   0.000|
RX          |    6.063(R)|      SLOW  |   -1.213(R)|      FAST  |CLK_BUFGP         |   0.000|
------------+------------+------------+------------+------------+------------------+--------+

Clock CLK to Pad
-------------+-----------------+------------+-----------------+------------+------------------+--------+
             |Max (slowest) clk|  Process   |Min (fastest) clk|  Process   |                  | Clock  |
Destination  |  (edge) to PAD  |   Corner   |  (edge) to PAD  |   Corner   |Internal Clock(s) | Phase  |
-------------+-----------------+------------+-----------------+------------+------------------+--------+
COUNTER_CLK_1|         7.190(R)|      SLOW  |         3.687(R)|      FAST  |CLK_BUFGP         |   0.000|
COUNTER_CLK_2|         7.273(R)|      SLOW  |         3.770(R)|      FAST  |CLK_BUFGP         |   0.000|
COUNTER_CLK_3|         7.305(R)|      SLOW  |         3.802(R)|      FAST  |CLK_BUFGP         |   0.000|
COUNTER_CLK_4|         7.313(R)|      SLOW  |         3.810(R)|      FAST  |CLK_BUFGP         |   0.000|
COUNTER_RST  |         7.186(R)|      SLOW  |         3.683(R)|      FAST  |CLK_BUFGP         |   0.000|
CS_BAR_1     |         7.306(R)|      SLOW  |         3.803(R)|      FAST  |CLK_BUFGP         |   0.000|
CS_BAR_2     |         7.218(R)|      SLOW  |         3.715(R)|      FAST  |CLK_BUFGP         |   0.000|
CS_BAR_3     |         7.302(R)|      SLOW  |         3.799(R)|      FAST  |CLK_BUFGP         |   0.000|
CS_BAR_4     |         7.186(R)|      SLOW  |         3.683(R)|      FAST  |CLK_BUFGP         |   0.000|
MR_BAR       |        10.834(R)|      SLOW  |         5.375(R)|      FAST  |CLK_BUFGP         |   0.000|
OE_BAR       |         7.244(R)|      SLOW  |         3.741(R)|      FAST  |CLK_BUFGP         |   0.000|
PL_BAR       |        11.202(R)|      SLOW  |         6.209(R)|      FAST  |CLK_BUFGP         |   0.000|
SHCP         |        10.160(R)|      SLOW  |         4.878(R)|      FAST  |CLK_BUFGP         |   0.000|
SIGNALS<0>   |         7.315(R)|      SLOW  |         3.704(R)|      FAST  |CLK_BUFGP         |   0.000|
SIGNALS<1>   |         7.257(R)|      SLOW  |         3.646(R)|      FAST  |CLK_BUFGP         |   0.000|
SIGNALS<2>   |         7.265(R)|      SLOW  |         3.654(R)|      FAST  |CLK_BUFGP         |   0.000|
SIGNALS<3>   |         7.290(R)|      SLOW  |         3.679(R)|      FAST  |CLK_BUFGP         |   0.000|
SIGNALS<4>   |         7.275(R)|      SLOW  |         3.664(R)|      FAST  |CLK_BUFGP         |   0.000|
SIGNALS<5>   |         7.240(R)|      SLOW  |         3.629(R)|      FAST  |CLK_BUFGP         |   0.000|
SIGNALS<6>   |         7.269(R)|      SLOW  |         3.658(R)|      FAST  |CLK_BUFGP         |   0.000|
SIGNALS<7>   |         7.222(R)|      SLOW  |         3.611(R)|      FAST  |CLK_BUFGP         |   0.000|
SIGNALS<8>   |         7.233(R)|      SLOW  |         3.622(R)|      FAST  |CLK_BUFGP         |   0.000|
SIGNALS<9>   |         7.217(R)|      SLOW  |         3.606(R)|      FAST  |CLK_BUFGP         |   0.000|
SIGNALS<10>  |         7.239(R)|      SLOW  |         3.628(R)|      FAST  |CLK_BUFGP         |   0.000|
SIGNALS<11>  |         7.263(R)|      SLOW  |         3.652(R)|      FAST  |CLK_BUFGP         |   0.000|
SIGNALS<12>  |         7.270(R)|      SLOW  |         3.659(R)|      FAST  |CLK_BUFGP         |   0.000|
SIGNALS<13>  |         7.271(R)|      SLOW  |         3.660(R)|      FAST  |CLK_BUFGP         |   0.000|
SIGNALS<14>  |         7.321(R)|      SLOW  |         3.710(R)|      FAST  |CLK_BUFGP         |   0.000|
SIGNALS<15>  |         7.179(R)|      SLOW  |         3.568(R)|      FAST  |CLK_BUFGP         |   0.000|
SIGNALS<16>  |         7.187(R)|      SLOW  |         3.576(R)|      FAST  |CLK_BUFGP         |   0.000|
SIGNALS<17>  |         7.184(R)|      SLOW  |         3.573(R)|      FAST  |CLK_BUFGP         |   0.000|
SIGNALS<18>  |         7.179(R)|      SLOW  |         3.568(R)|      FAST  |CLK_BUFGP         |   0.000|
SIGNALS<19>  |         7.187(R)|      SLOW  |         3.576(R)|      FAST  |CLK_BUFGP         |   0.000|
SIGNALS<20>  |         7.239(R)|      SLOW  |         3.628(R)|      FAST  |CLK_BUFGP         |   0.000|
SIGNALS<21>  |         7.263(R)|      SLOW  |         3.652(R)|      FAST  |CLK_BUFGP         |   0.000|
SIGNALS<22>  |         7.270(R)|      SLOW  |         3.659(R)|      FAST  |CLK_BUFGP         |   0.000|
SIGNALS<23>  |         7.271(R)|      SLOW  |         3.660(R)|      FAST  |CLK_BUFGP         |   0.000|
SIGNALS<24>  |         7.321(R)|      SLOW  |         3.710(R)|      FAST  |CLK_BUFGP         |   0.000|
SIGNALS<25>  |         7.179(R)|      SLOW  |         3.568(R)|      FAST  |CLK_BUFGP         |   0.000|
SIGNALS<26>  |         7.187(R)|      SLOW  |         3.576(R)|      FAST  |CLK_BUFGP         |   0.000|
SIGNALS<27>  |         7.184(R)|      SLOW  |         3.573(R)|      FAST  |CLK_BUFGP         |   0.000|
SIGNALS<28>  |         7.179(R)|      SLOW  |         3.568(R)|      FAST  |CLK_BUFGP         |   0.000|
SIGNALS<29>  |         7.187(R)|      SLOW  |         3.576(R)|      FAST  |CLK_BUFGP         |   0.000|
SIGNALS<30>  |         7.315(R)|      SLOW  |         3.704(R)|      FAST  |CLK_BUFGP         |   0.000|
SIGNALS<31>  |         7.257(R)|      SLOW  |         3.646(R)|      FAST  |CLK_BUFGP         |   0.000|
SIGNALS<32>  |         7.265(R)|      SLOW  |         3.654(R)|      FAST  |CLK_BUFGP         |   0.000|
SIGNALS<33>  |         7.290(R)|      SLOW  |         3.679(R)|      FAST  |CLK_BUFGP         |   0.000|
SIGNALS<34>  |         7.275(R)|      SLOW  |         3.664(R)|      FAST  |CLK_BUFGP         |   0.000|
SIGNALS<35>  |         7.240(R)|      SLOW  |         3.629(R)|      FAST  |CLK_BUFGP         |   0.000|
SIGNALS<36>  |         7.269(R)|      SLOW  |         3.658(R)|      FAST  |CLK_BUFGP         |   0.000|
SIGNALS<37>  |         7.222(R)|      SLOW  |         3.611(R)|      FAST  |CLK_BUFGP         |   0.000|
SIGNALS<38>  |         7.233(R)|      SLOW  |         3.622(R)|      FAST  |CLK_BUFGP         |   0.000|
SIGNALS<39>  |         7.217(R)|      SLOW  |         3.606(R)|      FAST  |CLK_BUFGP         |   0.000|
SIGNALS<40>  |         7.290(R)|      SLOW  |         3.679(R)|      FAST  |CLK_BUFGP         |   0.000|
SIGNALS<41>  |         7.283(R)|      SLOW  |         3.672(R)|      FAST  |CLK_BUFGP         |   0.000|
SIGNALS<42>  |         7.267(R)|      SLOW  |         3.656(R)|      FAST  |CLK_BUFGP         |   0.000|
SIGNALS<43>  |         7.218(R)|      SLOW  |         3.607(R)|      FAST  |CLK_BUFGP         |   0.000|
SIGNALS<44>  |         7.224(R)|      SLOW  |         3.613(R)|      FAST  |CLK_BUFGP         |   0.000|
SIGNALS<45>  |         7.233(R)|      SLOW  |         3.622(R)|      FAST  |CLK_BUFGP         |   0.000|
SIGNALS<46>  |         7.254(R)|      SLOW  |         3.643(R)|      FAST  |CLK_BUFGP         |   0.000|
SIGNALS<47>  |         7.304(R)|      SLOW  |         3.693(R)|      FAST  |CLK_BUFGP         |   0.000|
SIGNALS<48>  |         7.308(R)|      SLOW  |         3.697(R)|      FAST  |CLK_BUFGP         |   0.000|
SIGNALS<49>  |         7.315(R)|      SLOW  |         3.704(R)|      FAST  |CLK_BUFGP         |   0.000|
SIGNALS<50>  |         7.179(R)|      SLOW  |         3.568(R)|      FAST  |CLK_BUFGP         |   0.000|
SIGNALS<51>  |         7.181(R)|      SLOW  |         3.570(R)|      FAST  |CLK_BUFGP         |   0.000|
SIGNALS<52>  |         7.184(R)|      SLOW  |         3.573(R)|      FAST  |CLK_BUFGP         |   0.000|
SIGNALS<53>  |         7.190(R)|      SLOW  |         3.579(R)|      FAST  |CLK_BUFGP         |   0.000|
SIGNALS<54>  |         7.181(R)|      SLOW  |         3.570(R)|      FAST  |CLK_BUFGP         |   0.000|
SIGNALS<55>  |         7.189(R)|      SLOW  |         3.578(R)|      FAST  |CLK_BUFGP         |   0.000|
SIGNALS<56>  |         7.320(R)|      SLOW  |         3.709(R)|      FAST  |CLK_BUFGP         |   0.000|
SIGNALS<57>  |         7.313(R)|      SLOW  |         3.702(R)|      FAST  |CLK_BUFGP         |   0.000|
SIGNALS<58>  |         7.308(R)|      SLOW  |         3.697(R)|      FAST  |CLK_BUFGP         |   0.000|
SIGNALS<59>  |         7.246(R)|      SLOW  |         3.635(R)|      FAST  |CLK_BUFGP         |   0.000|
SIGNALS<60>  |         7.179(R)|      SLOW  |         3.568(R)|      FAST  |CLK_BUFGP         |   0.000|
SIGNALS<61>  |         7.181(R)|      SLOW  |         3.570(R)|      FAST  |CLK_BUFGP         |   0.000|
SIGNALS<62>  |         7.184(R)|      SLOW  |         3.573(R)|      FAST  |CLK_BUFGP         |   0.000|
SIGNALS<63>  |         7.190(R)|      SLOW  |         3.579(R)|      FAST  |CLK_BUFGP         |   0.000|
SIGNALS<64>  |         7.181(R)|      SLOW  |         3.570(R)|      FAST  |CLK_BUFGP         |   0.000|
SIGNALS<65>  |         7.189(R)|      SLOW  |         3.578(R)|      FAST  |CLK_BUFGP         |   0.000|
SIGNALS<66>  |         7.320(R)|      SLOW  |         3.709(R)|      FAST  |CLK_BUFGP         |   0.000|
SIGNALS<67>  |         7.313(R)|      SLOW  |         3.702(R)|      FAST  |CLK_BUFGP         |   0.000|
SIGNALS<68>  |         7.308(R)|      SLOW  |         3.697(R)|      FAST  |CLK_BUFGP         |   0.000|
SIGNALS<69>  |         7.246(R)|      SLOW  |         3.635(R)|      FAST  |CLK_BUFGP         |   0.000|
SIGNALS<70>  |         7.290(R)|      SLOW  |         3.679(R)|      FAST  |CLK_BUFGP         |   0.000|
SIGNALS<71>  |         7.283(R)|      SLOW  |         3.672(R)|      FAST  |CLK_BUFGP         |   0.000|
SIGNALS<72>  |         7.267(R)|      SLOW  |         3.656(R)|      FAST  |CLK_BUFGP         |   0.000|
SIGNALS<73>  |         7.218(R)|      SLOW  |         3.607(R)|      FAST  |CLK_BUFGP         |   0.000|
SIGNALS<74>  |         7.224(R)|      SLOW  |         3.613(R)|      FAST  |CLK_BUFGP         |   0.000|
SIGNALS<75>  |         7.233(R)|      SLOW  |         3.622(R)|      FAST  |CLK_BUFGP         |   0.000|
SIGNALS<76>  |         7.254(R)|      SLOW  |         3.643(R)|      FAST  |CLK_BUFGP         |   0.000|
SIGNALS<77>  |         7.304(R)|      SLOW  |         3.693(R)|      FAST  |CLK_BUFGP         |   0.000|
SIGNALS<78>  |         7.308(R)|      SLOW  |         3.697(R)|      FAST  |CLK_BUFGP         |   0.000|
SIGNALS<79>  |         7.315(R)|      SLOW  |         3.704(R)|      FAST  |CLK_BUFGP         |   0.000|
SIGNALS<80>  |         7.189(R)|      SLOW  |         3.578(R)|      FAST  |CLK_BUFGP         |   0.000|
SIGNALS<81>  |         7.191(R)|      SLOW  |         3.580(R)|      FAST  |CLK_BUFGP         |   0.000|
SIGNALS<82>  |         7.179(R)|      SLOW  |         3.568(R)|      FAST  |CLK_BUFGP         |   0.000|
SIGNALS<83>  |         7.319(R)|      SLOW  |         3.708(R)|      FAST  |CLK_BUFGP         |   0.000|
SIGNALS<84>  |         7.310(R)|      SLOW  |         3.699(R)|      FAST  |CLK_BUFGP         |   0.000|
SIGNALS<85>  |         7.238(R)|      SLOW  |         3.627(R)|      FAST  |CLK_BUFGP         |   0.000|
SIGNALS<86>  |         7.295(R)|      SLOW  |         3.684(R)|      FAST  |CLK_BUFGP         |   0.000|
SIGNALS<87>  |         7.288(R)|      SLOW  |         3.677(R)|      FAST  |CLK_BUFGP         |   0.000|
SIGNALS<88>  |         7.215(R)|      SLOW  |         3.604(R)|      FAST  |CLK_BUFGP         |   0.000|
SIGNALS<89>  |         7.268(R)|      SLOW  |         3.657(R)|      FAST  |CLK_BUFGP         |   0.000|
SIGNALS<90>  |         7.239(R)|      SLOW  |         3.628(R)|      FAST  |CLK_BUFGP         |   0.000|
SIGNALS<91>  |         7.282(R)|      SLOW  |         3.671(R)|      FAST  |CLK_BUFGP         |   0.000|
SIGNALS<92>  |         7.252(R)|      SLOW  |         3.641(R)|      FAST  |CLK_BUFGP         |   0.000|
SIGNALS<93>  |         7.264(R)|      SLOW  |         3.653(R)|      FAST  |CLK_BUFGP         |   0.000|
SIGNALS<94>  |         7.255(R)|      SLOW  |         3.644(R)|      FAST  |CLK_BUFGP         |   0.000|
SIGNALS<95>  |         7.263(R)|      SLOW  |         3.652(R)|      FAST  |CLK_BUFGP         |   0.000|
SIGNALS<96>  |         7.263(R)|      SLOW  |         3.652(R)|      FAST  |CLK_BUFGP         |   0.000|
SIGNALS<97>  |         7.255(R)|      SLOW  |         3.644(R)|      FAST  |CLK_BUFGP         |   0.000|
SIGNALS<98>  |         7.264(R)|      SLOW  |         3.653(R)|      FAST  |CLK_BUFGP         |   0.000|
SIGNALS<99>  |         7.252(R)|      SLOW  |         3.641(R)|      FAST  |CLK_BUFGP         |   0.000|
SIGNALS<100> |         7.282(R)|      SLOW  |         3.671(R)|      FAST  |CLK_BUFGP         |   0.000|
SIGNALS<101> |         7.239(R)|      SLOW  |         3.628(R)|      FAST  |CLK_BUFGP         |   0.000|
SIGNALS<102> |         7.189(R)|      SLOW  |         3.578(R)|      FAST  |CLK_BUFGP         |   0.000|
SIGNALS<103> |         7.191(R)|      SLOW  |         3.580(R)|      FAST  |CLK_BUFGP         |   0.000|
SIGNALS<104> |         7.179(R)|      SLOW  |         3.568(R)|      FAST  |CLK_BUFGP         |   0.000|
SIGNALS<105> |         7.319(R)|      SLOW  |         3.708(R)|      FAST  |CLK_BUFGP         |   0.000|
SIGNALS<106> |         7.310(R)|      SLOW  |         3.699(R)|      FAST  |CLK_BUFGP         |   0.000|
SIGNALS<107> |         7.238(R)|      SLOW  |         3.627(R)|      FAST  |CLK_BUFGP         |   0.000|
SIGNALS<108> |         7.295(R)|      SLOW  |         3.684(R)|      FAST  |CLK_BUFGP         |   0.000|
SIGNALS<109> |         7.288(R)|      SLOW  |         3.677(R)|      FAST  |CLK_BUFGP         |   0.000|
SIGNALS<110> |         7.215(R)|      SLOW  |         3.604(R)|      FAST  |CLK_BUFGP         |   0.000|
SIGNALS<111> |         7.268(R)|      SLOW  |         3.657(R)|      FAST  |CLK_BUFGP         |   0.000|
SIGNALS<112> |         7.244(R)|      SLOW  |         3.633(R)|      FAST  |CLK_BUFGP         |   0.000|
SIGNALS<113> |         7.306(R)|      SLOW  |         3.695(R)|      FAST  |CLK_BUFGP         |   0.000|
SIGNALS<114> |         7.317(R)|      SLOW  |         3.706(R)|      FAST  |CLK_BUFGP         |   0.000|
SIGNALS<115> |         7.184(R)|      SLOW  |         3.573(R)|      FAST  |CLK_BUFGP         |   0.000|
SIGNALS<116> |         7.190(R)|      SLOW  |         3.579(R)|      FAST  |CLK_BUFGP         |   0.000|
SIGNALS<117> |         7.186(R)|      SLOW  |         3.575(R)|      FAST  |CLK_BUFGP         |   0.000|
SIGNALS<118> |         7.190(R)|      SLOW  |         3.579(R)|      FAST  |CLK_BUFGP         |   0.000|
SIGNALS<119> |         7.186(R)|      SLOW  |         3.575(R)|      FAST  |CLK_BUFGP         |   0.000|
SIGNALS<120> |         7.189(R)|      SLOW  |         3.578(R)|      FAST  |CLK_BUFGP         |   0.000|
SIGNALS<121> |         7.184(R)|      SLOW  |         3.573(R)|      FAST  |CLK_BUFGP         |   0.000|
SIGNALS<122> |         7.271(R)|      SLOW  |         3.660(R)|      FAST  |CLK_BUFGP         |   0.000|
SIGNALS<123> |         7.280(R)|      SLOW  |         3.669(R)|      FAST  |CLK_BUFGP         |   0.000|
SIGNALS<124> |         7.218(R)|      SLOW  |         3.607(R)|      FAST  |CLK_BUFGP         |   0.000|
SIGNALS<125> |         7.223(R)|      SLOW  |         3.612(R)|      FAST  |CLK_BUFGP         |   0.000|
STCP         |        10.376(R)|      SLOW  |         5.003(R)|      FAST  |CLK_BUFGP         |   0.000|
TX           |         7.273(R)|      SLOW  |         3.770(R)|      FAST  |CLK_BUFGP         |   0.000|
VT_EN        |         7.189(R)|      SLOW  |         3.686(R)|      FAST  |CLK_BUFGP         |   0.000|
WE_BAR_1     |         7.184(R)|      SLOW  |         3.681(R)|      FAST  |CLK_BUFGP         |   0.000|
WE_BAR_2     |         7.223(R)|      SLOW  |         3.720(R)|      FAST  |CLK_BUFGP         |   0.000|
WE_BAR_3     |         7.289(R)|      SLOW  |         3.786(R)|      FAST  |CLK_BUFGP         |   0.000|
WE_BAR_4     |         7.190(R)|      SLOW  |         3.687(R)|      FAST  |CLK_BUFGP         |   0.000|
-------------+-----------------+------------+-----------------+------------+------------------+--------+

Clock to Setup on destination clock CLK
---------------+---------+---------+---------+---------+
               | Src:Rise| Src:Fall| Src:Rise| Src:Fall|
Source Clock   |Dest:Rise|Dest:Rise|Dest:Fall|Dest:Fall|
---------------+---------+---------+---------+---------+
CLK            |    7.103|         |         |         |
---------------+---------+---------+---------+---------+

Pad to Pad
---------------+---------------+---------+
Source Pad     |Destination Pad|  Delay  |
---------------+---------------+---------+
RST            |ERROR          |    8.517|
---------------+---------------+---------+


Analysis completed Sun Apr 24 21:22:18 2016 
--------------------------------------------------------------------------------

Trace Settings:
-------------------------
Trace Settings 

Peak Memory Usage: 285 MB



