Release 14.7 - xst P.20131013 (nt64)
Copyright (c) 1995-2013 Xilinx, Inc.  All rights reserved.
--> Parameter TMPDIR set to xst/projnav.tmp


Total REAL time to Xst completion: 0.00 secs
Total CPU time to Xst completion: 0.06 secs
 
--> Parameter xsthdpdir set to xst


Total REAL time to Xst completion: 0.00 secs
Total CPU time to Xst completion: 0.06 secs
 
--> Reading design: UART_CTRL.prj

TABLE OF CONTENTS
  1) Synthesis Options Summary
  2) HDL Parsing
  3) HDL Elaboration
  4) HDL Synthesis
       4.1) HDL Synthesis Report
  5) Advanced HDL Synthesis
       5.1) Advanced HDL Synthesis Report
  6) Low Level Synthesis
  7) Partition Report
  8) Design Summary
       8.1) Primitive and Black Box Usage
       8.2) Device utilization summary
       8.3) Partition Resource Summary
       8.4) Timing Report
            8.4.1) Clock Information
            8.4.2) Asynchronous Control Signals Information
            8.4.3) Timing Summary
            8.4.4) Timing Details
            8.4.5) Cross Clock Domains Report


=========================================================================
*                      Synthesis Options Summary                        *
=========================================================================
---- Source Parameters
Input File Name                    : "UART_CTRL.prj"
Ignore Synthesis Constraint File   : NO

---- Target Parameters
Output File Name                   : "UART_CTRL"
Output Format                      : NGC
Target Device                      : xc6slx16-3-csg324

---- Source Options
Top Module Name                    : UART_CTRL
Automatic FSM Extraction           : YES
FSM Encoding Algorithm             : Auto
Safe Implementation                : No
FSM Style                          : LUT
RAM Extraction                     : Yes
RAM Style                          : Auto
ROM Extraction                     : Yes
Shift Register Extraction          : YES
ROM Style                          : Auto
Resource Sharing                   : YES
Asynchronous To Synchronous        : NO
Shift Register Minimum Size        : 2
Use DSP Block                      : Auto
Automatic Register Balancing       : No

---- Target Options
LUT Combining                      : Auto
Reduce Control Sets                : Auto
Add IO Buffers                     : YES
Global Maximum Fanout              : 100000
Add Generic Clock Buffer(BUFG)     : 16
Register Duplication               : YES
Optimize Instantiated Primitives   : NO
Use Clock Enable                   : Auto
Use Synchronous Set                : Auto
Use Synchronous Reset              : Auto
Pack IO Registers into IOBs        : Auto
Equivalent register Removal        : YES

---- General Options
Optimization Goal                  : Speed
Optimization Effort                : 1
Power Reduction                    : NO
Keep Hierarchy                     : No
Netlist Hierarchy                  : As_Optimized
RTL Output                         : Yes
Global Optimization                : AllClockNets
Read Cores                         : YES
Write Timing Constraints           : NO
Cross Clock Analysis               : NO
Hierarchy Separator                : /
Bus Delimiter                      : <>
Case Specifier                     : Maintain
Slice Utilization Ratio            : 100
BRAM Utilization Ratio             : 100
DSP48 Utilization Ratio            : 100
Auto BRAM Packing                  : NO
Slice Utilization Ratio Delta      : 5

=========================================================================


=========================================================================
*                          HDL Parsing                                  *
=========================================================================
Analyzing Verilog file "C:\Users\dkhoury\OneDrive\Documents\SourceTree-Masters\Verilog\ASICTesterVerilog\UART_TX.v" into library work
Parsing module <UART_TX>.
Analyzing Verilog file "C:\Users\dkhoury\OneDrive\Documents\SourceTree-Masters\Verilog\ASICTesterVerilog\UART_RX.v" into library work
Parsing module <UART_RX>.
Analyzing Verilog file "C:\Users\dkhoury\OneDrive\Documents\SourceTree-Masters\Verilog\ASICTesterVerilog\UART_CTRL.v" into library work
Parsing module <UART_CTRL>.

=========================================================================
*                            HDL Elaboration                            *
=========================================================================

Elaborating module <UART_CTRL>.

Elaborating module <UART_RX>.

Elaborating module <UART_TX>.

=========================================================================
*                           HDL Synthesis                               *
=========================================================================

Synthesizing Unit <UART_CTRL>.
    Related source file is "C:\Users\dkhoury\OneDrive\Documents\SourceTree-Masters\Verilog\ASICTesterVerilog\UART_CTRL.v".
    Summary:
	no macro.
Unit <UART_CTRL> synthesized.

Synthesizing Unit <UART_RX>.
    Related source file is "C:\Users\dkhoury\OneDrive\Documents\SourceTree-Masters\Verilog\ASICTesterVerilog\UART_RX.v".
        BAUD_RATE = 115200
        PERIOD = 868
        HALF_PERIOD = 434
        IDLE_NODATA = 0
        STARTBIT = 1
        BIT0 = 2
        BIT1 = 3
        BIT2 = 4
        BIT3 = 5
        BIT4 = 6
        BIT5 = 7
        BIT6 = 8
        BIT7 = 9
        STOPBIT = 10
        IDLE_DATA = 11
    Found 10-bit register for signal <clock_counter>.
    Found 4-bit register for signal <PS>.
    Found 8-bit register for signal <DATA>.
    Found finite state machine <FSM_0> for signal <PS>.
    -----------------------------------------------------------------------
    | States             | 12                                             |
    | Transitions        | 25                                             |
    | Inputs             | 4                                              |
    | Outputs            | 13                                             |
    | Clock              | CLK (rising_edge)                              |
    | Reset              | RST (positive)                                 |
    | Reset type         | synchronous                                    |
    | Reset State        | 0000                                           |
    | Encoding           | auto                                           |
    | Implementation     | LUT                                            |
    -----------------------------------------------------------------------
    Found 10-bit adder for signal <clock_counter[9]_GND_2_o_add_15_OUT> created at line 90.
    Summary:
	inferred   1 Adder/Subtractor(s).
	inferred  18 D-type flip-flop(s).
	inferred   9 Multiplexer(s).
	inferred   1 Finite State Machine(s).
Unit <UART_RX> synthesized.

Synthesizing Unit <UART_TX>.
    Related source file is "C:\Users\dkhoury\OneDrive\Documents\SourceTree-Masters\Verilog\ASICTesterVerilog\UART_TX.v".
        BAUD_RATE = 115200
        PERIOD = 868
        HALF_PERIOD = 434
        IDLE = 0
        STARTBIT = 1
        BIT0 = 2
        BIT1 = 3
        BIT2 = 4
        BIT3 = 5
        BIT4 = 6
        BIT5 = 7
        BIT6 = 8
        BIT7 = 9
        STOPBIT = 10
        IDLE_SENT = 11
    Found 10-bit register for signal <clock_counter>.
    Found 8-bit register for signal <data_buffer>.
    Found 4-bit register for signal <PS>.
    Found 1-bit register for signal <TX>.
    Found finite state machine <FSM_1> for signal <PS>.
    -----------------------------------------------------------------------
    | States             | 12                                             |
    | Transitions        | 23                                             |
    | Inputs             | 2                                              |
    | Outputs            | 7                                              |
    | Clock              | CLK (rising_edge)                              |
    | Reset              | RST (positive)                                 |
    | Reset type         | synchronous                                    |
    | Reset State        | 0000                                           |
    | Encoding           | auto                                           |
    | Implementation     | LUT                                            |
    -----------------------------------------------------------------------
    Found 10-bit adder for signal <clock_counter[9]_GND_3_o_add_3_OUT> created at line 104.
    Found 1-bit 13-to-1 multiplexer for signal <PS[3]_PWR_3_o_Mux_1_o> created at line 60.
    Summary:
	inferred   1 Adder/Subtractor(s).
	inferred  19 D-type flip-flop(s).
	inferred   3 Multiplexer(s).
	inferred   1 Finite State Machine(s).
Unit <UART_TX> synthesized.

=========================================================================
HDL Synthesis Report

Macro Statistics
# Adders/Subtractors                                   : 2
 10-bit adder                                          : 2
# Registers                                            : 5
 1-bit register                                        : 1
 10-bit register                                       : 2
 8-bit register                                        : 2
# Multiplexers                                         : 12
 1-bit 13-to-1 multiplexer                             : 1
 1-bit 2-to-1 multiplexer                              : 11
# FSMs                                                 : 2

=========================================================================

=========================================================================
*                       Advanced HDL Synthesis                          *
=========================================================================


Synthesizing (advanced) Unit <UART_RX>.
The following registers are absorbed into counter <clock_counter>: 1 register on signal <clock_counter>.
Unit <UART_RX> synthesized (advanced).

Synthesizing (advanced) Unit <UART_TX>.
The following registers are absorbed into counter <clock_counter>: 1 register on signal <clock_counter>.
Unit <UART_TX> synthesized (advanced).

=========================================================================
Advanced HDL Synthesis Report

Macro Statistics
# Counters                                             : 2
 10-bit up counter                                     : 2
# Registers                                            : 17
 Flip-Flops                                            : 17
# Multiplexers                                         : 12
 1-bit 13-to-1 multiplexer                             : 1
 1-bit 2-to-1 multiplexer                              : 11
# FSMs                                                 : 2

=========================================================================

=========================================================================
*                         Low Level Synthesis                           *
=========================================================================
Analyzing FSM <MFsm> for best encoding.
Optimizing FSM <uart_tx0/FSM_1> on signal <PS[1:4]> with user encoding.
-------------------
 State | Encoding
-------------------
 0000  | 0000
 0001  | 0001
 0010  | 0010
 0011  | 0011
 0100  | 0100
 0101  | 0101
 0110  | 0110
 0111  | 0111
 1000  | 1000
 1001  | 1001
 1010  | 1010
 1011  | 1011
-------------------
Analyzing FSM <MFsm> for best encoding.
Optimizing FSM <uart_rx0/FSM_0> on signal <PS[1:4]> with user encoding.
-------------------
 State | Encoding
-------------------
 0000  | 0000
 0001  | 0001
 0010  | 0010
 0011  | 0011
 0100  | 0100
 0101  | 0101
 0110  | 0110
 0111  | 0111
 1000  | 1000
 1001  | 1001
 1010  | 1010
 1011  | 1011
-------------------

Optimizing unit <UART_CTRL> ...

Optimizing unit <UART_TX> ...

Optimizing unit <UART_RX> ...

Mapping all equations...
Building and optimizing final netlist ...
Found area constraint ratio of 100 (+ 5) on block UART_CTRL, actual ratio is 0.
FlipFlop uart_rx0/PS_FSM_FFd1 has been replicated 1 time(s)
FlipFlop uart_rx0/PS_FSM_FFd2 has been replicated 1 time(s)
FlipFlop uart_rx0/PS_FSM_FFd3 has been replicated 1 time(s)

Final Macro Processing ...

=========================================================================
Final Register Report

Macro Statistics
# Registers                                            : 48
 Flip-Flops                                            : 48

=========================================================================

=========================================================================
*                           Partition Report                            *
=========================================================================

Partition Implementation Status
-------------------------------

  No Partitions were found in this design.

-------------------------------

=========================================================================
*                            Design Summary                             *
=========================================================================

Top Level Output File Name         : UART_CTRL.ngc

Primitive and Black Box Usage:
------------------------------
# BELS                             : 175
#      GND                         : 1
#      INV                         : 2
#      LUT1                        : 18
#      LUT3                        : 12
#      LUT4                        : 16
#      LUT5                        : 36
#      LUT6                        : 51
#      MUXCY                       : 18
#      VCC                         : 1
#      XORCY                       : 20
# FlipFlops/Latches                : 48
#      FD                          : 20
#      FDR                         : 11
#      FDRE                        : 16
#      FDS                         : 1
# Clock Buffers                    : 1
#      BUFGP                       : 1
# IO Buffers                       : 24
#      IBUF                        : 13
#      OBUF                        : 11

Device utilization summary:
---------------------------

Selected Device : 6slx16csg324-3 


Slice Logic Utilization: 
 Number of Slice Registers:              48  out of  18224     0%  
 Number of Slice LUTs:                  135  out of   9112     1%  
    Number used as Logic:               135  out of   9112     1%  

Slice Logic Distribution: 
 Number of LUT Flip Flop pairs used:    145
   Number with an unused Flip Flop:      97  out of    145    66%  
   Number with an unused LUT:            10  out of    145     6%  
   Number of fully used LUT-FF pairs:    38  out of    145    26%  
   Number of unique control sets:         4

IO Utilization: 
 Number of IOs:                          25
 Number of bonded IOBs:                  25  out of    232    10%  

Specific Feature Utilization:
 Number of BUFG/BUFGCTRLs:                1  out of     16     6%  

---------------------------
Partition Resource Summary:
---------------------------

  No Partitions were found in this design.

---------------------------


=========================================================================
Timing Report

NOTE: THESE TIMING NUMBERS ARE ONLY A SYNTHESIS ESTIMATE.
      FOR ACCURATE TIMING INFORMATION PLEASE REFER TO THE TRACE REPORT
      GENERATED AFTER PLACE-and-ROUTE.

Clock Information:
------------------
-----------------------------------+------------------------+-------+
Clock Signal                       | Clock buffer(FF name)  | Load  |
-----------------------------------+------------------------+-------+
CLK                                | BUFGP                  | 48    |
-----------------------------------+------------------------+-------+

Asynchronous Control Signals Information:
----------------------------------------
No asynchronous control signals found in this design

Timing Summary:
---------------
Speed Grade: -3

   Minimum period: 4.551ns (Maximum Frequency: 219.710MHz)
   Minimum input arrival time before clock: 5.400ns
   Maximum output required time after clock: 5.350ns
   Maximum combinational path delay: No path found

Timing Details:
---------------
All values displayed in nanoseconds (ns)

=========================================================================
Timing constraint: Default period analysis for Clock 'CLK'
  Clock period: 4.551ns (frequency: 219.710MHz)
  Total number of paths / destination ports: 1484 / 56
-------------------------------------------------------------------------
Delay:               4.551ns (Levels of Logic = 4)
  Source:            uart_tx0/clock_counter_0 (FF)
  Destination:       uart_tx0/clock_counter_9 (FF)
  Source Clock:      CLK rising
  Destination Clock: CLK rising

  Data Path: uart_tx0/clock_counter_0 to uart_tx0/clock_counter_9
                                Gate     Net
    Cell:in->out      fanout   Delay   Delay  Logical Name (Net Name)
    ----------------------------------------  ------------
     FD:C->Q               3   0.447   0.995  uart_tx0/clock_counter_0 (uart_tx0/clock_counter_0)
     LUT5:I0->O            2   0.203   0.617  uart_tx0/GND_3_o_GND_3_o_equal_49_o<9>_SW0 (N2)
     LUT6:I5->O            5   0.205   0.715  uart_tx0/GND_3_o_GND_3_o_equal_49_o<9> (uart_tx0/GND_3_o_GND_3_o_equal_49_o)
     LUT6:I5->O           10   0.205   0.857  uart_tx0/RST_reset_count_OR_52_o1 (uart_tx0/RST_reset_count_OR_52_o)
     LUT5:I4->O            1   0.205   0.000  uart_tx0/clock_counter_9_rstpot (uart_tx0/clock_counter_9_rstpot)
     FD:D                      0.102          uart_tx0/clock_counter_9
    ----------------------------------------
    Total                      4.551ns (1.367ns logic, 3.184ns route)
                                       (30.0% logic, 70.0% route)

=========================================================================
Timing constraint: Default OFFSET IN BEFORE for Clock 'CLK'
  Total number of paths / destination ports: 156 / 78
-------------------------------------------------------------------------
Offset:              5.400ns (Levels of Logic = 4)
  Source:            RST (PAD)
  Destination:       uart_rx0/clock_counter_9 (FF)
  Destination Clock: CLK rising

  Data Path: RST to uart_rx0/clock_counter_9
                                Gate     Net
    Cell:in->out      fanout   Delay   Delay  Logical Name (Net Name)
    ----------------------------------------  ------------
     IBUF:I->O            42   1.222   1.798  RST_IBUF (RST_IBUF)
     LUT6:I0->O           10   0.203   0.857  uart_rx0/RST_reset_count_OR_19_o2_SW2 (N17)
     LUT5:I4->O            1   0.205   0.808  uart_rx0/clock_counter_0_rstpot_SW2 (N32)
     LUT6:I3->O            1   0.205   0.000  uart_rx0/clock_counter_0_rstpot (uart_rx0/clock_counter_0_rstpot)
     FD:D                      0.102          uart_rx0/clock_counter_0
    ----------------------------------------
    Total                      5.400ns (1.937ns logic, 3.463ns route)
                                       (35.9% logic, 64.1% route)

=========================================================================
Timing constraint: Default OFFSET OUT AFTER for Clock 'CLK'
  Total number of paths / destination ports: 15 / 11
-------------------------------------------------------------------------
Offset:              5.350ns (Levels of Logic = 2)
  Source:            uart_rx0/PS_FSM_FFd4 (FF)
  Destination:       RXDATA_READY (PAD)
  Source Clock:      CLK rising

  Data Path: uart_rx0/PS_FSM_FFd4 to RXDATA_READY
                                Gate     Net
    Cell:in->out      fanout   Delay   Delay  Logical Name (Net Name)
    ----------------------------------------  ------------
     FDR:C->Q             34   0.447   1.549  uart_rx0/PS_FSM_FFd4 (uart_rx0/PS_FSM_FFd4)
     LUT3:I0->O            1   0.205   0.579  uart_rx0/PS_DATA_READY1 (RXDATA_READY_OBUF)
     OBUF:I->O                 2.571          RXDATA_READY_OBUF (RXDATA_READY)
    ----------------------------------------
    Total                      5.350ns (3.223ns logic, 2.127ns route)
                                       (60.2% logic, 39.8% route)

=========================================================================

Cross Clock Domains Report:
--------------------------

Clock to Setup on destination clock CLK
---------------+---------+---------+---------+---------+
               | Src:Rise| Src:Fall| Src:Rise| Src:Fall|
Source Clock   |Dest:Rise|Dest:Rise|Dest:Fall|Dest:Fall|
---------------+---------+---------+---------+---------+
CLK            |    4.551|         |         |         |
---------------+---------+---------+---------+---------+

=========================================================================


Total REAL time to Xst completion: 5.00 secs
Total CPU time to Xst completion: 4.68 secs
 
--> 

Total memory usage is 255336 kilobytes

Number of errors   :    0 (   0 filtered)
Number of warnings :    0 (   0 filtered)
Number of infos    :    0 (   0 filtered)

