#-----------------------------------------------------------
# PlanAhead v14.7 (64-bit)
# Build 321239 by xbuild on Fri Sep 27 19:29:51 MDT 2013
# Start of session at: Sat Apr 23 21:14:15 2016
# Process ID: 7652
# Log file: C:/Users/dkhoury/OneDrive/Documents/SourceTree-Masters/Verilog/ASICTesterVerilog/planAhead_run_5/planAhead.log
# Journal file: C:/Users/dkhoury/OneDrive/Documents/SourceTree-Masters/Verilog/ASICTesterVerilog/planAhead_run_5/planAhead.jou
#-----------------------------------------------------------
start_gui
source C:/Users/dkhoury/OneDrive/Documents/SourceTree-Masters/Verilog/ASICTesterVerilog/pa.fromHdl.tcl
update_compile_order -fileset sim_1
startgroup
set_property package_pin U5 [get_ports RST]
endgroup
startgroup
set_property package_pin T6 [get_ports Q]
endgroup
startgroup
set_property package_pin N6 [get_ports RX]
endgroup
startgroup
set_property package_pin U8 [get_ports TX]
endgroup
startgroup
set_property package_pin M13 [get_ports VT_EN]
endgroup
startgroup
set_property package_pin N14 [get_ports COUNTER_RST]
endgroup
startgroup
set_property package_pin U18 [get_ports MR_BAR]
endgroup
startgroup
set_property package_pin V15 [get_ports PL_BAR]
endgroup
startgroup
set_property package_pin V11 [get_ports SHCP]
endgroup
startgroup
set_property package_pin N9 [get_ports STCP]
endgroup
set_property package_pin "" [get_ports [list  CS_BAR]]
startgroup
set_property package_pin N11 [get_ports OE_BAR]
endgroup
refresh_design
startgroup
set_property package_pin V13 [get_ports CS_BAR_1]
endgroup
startgroup
set_property package_pin N11 [get_ports OE_BAR]
endgroup
startgroup
set_property package_pin K13 [get_ports WE_BAR_1]
endgroup
startgroup
set_property package_pin M13 [get_ports VT_EN]
endgroup
startgroup
set_property package_pin N14 [get_ports COUNTER_RST]
endgroup
startgroup
set_property package_pin L16 [get_ports COUNTER_CLK_1]
endgroup
startgroup
set_property package_pin N16 [get_ports CS_BAR_4]
endgroup
startgroup
set_property package_pin P16 [get_ports WE_BAR_4]
endgroup
set_property package_pin "" [get_ports [list  SHCP]]
startgroup
set_property package_pin U18 [get_ports MR_BAR]
endgroup
startgroup
set_property package_pin V15 [get_ports PL_BAR]
endgroup
startgroup
set_property package_pin V11 [get_ports SHCP]
endgroup
startgroup
set_property package_pin N9 [get_ports STCP]
endgroup
startgroup
set_property package_pin T8 [get_ports CS_BAR_2]
endgroup
startgroup
set_property package_pin V11 [get_ports SHCP]
endgroup
startgroup
set_property package_pin N8 [get_ports WE_BAR_2]
endgroup
startgroup
set_property package_pin V8 [get_ports COUNTER_CLK_2]
endgroup
startgroup
set_property package_pin P7 [get_ports CS_BAR_3]
endgroup
startgroup
set_property package_pin V6 [get_ports WE_BAR_3]
endgroup
set_property package_pin "" [get_ports [list  RST]]
startgroup
set_property package_pin V5 [get_ports COUNTER_CLK_3]
endgroup
startgroup
set_property package_pin V4 [get_ports COUNTER_CLK_4]
endgroup
startgroup
set_property package_pin U5 [get_ports RST]
endgroup
startgroup
set_property package_pin T6 [get_ports Q]
endgroup
startgroup
set_property package_pin N6 [get_ports RX]
endgroup
startgroup
set_property package_pin U8 [get_ports TX]
endgroup
set_property package_pin "" [get_ports [list  {SIGNALS[125]}]]
startgroup
set_property package_pin M8 [get_ports {SIGNALS[125]}]
endgroup
startgroup
set_property package_pin R8 [get_ports {SIGNALS[124]}]
endgroup
startgroup
set_property package_pin M10 [get_ports {SIGNALS[123]}]
endgroup
startgroup
set_property package_pin U11 [get_ports {SIGNALS[122]}]
endgroup
startgroup
set_property package_pin K12 [get_ports {SIGNALS[121]}]
endgroup
startgroup
set_property package_pin L14 [get_ports {SIGNALS[120]}]
endgroup
startgroup
set_property package_pin M14 [get_ports {SIGNALS[119]}]
endgroup
startgroup
set_property package_pin L15 [get_ports {SIGNALS[118]}]
endgroup
startgroup
set_property package_pin N15 [get_ports {SIGNALS[117]}]
endgroup
startgroup
set_property package_pin P15 [get_ports {SIGNALS[116]}]
endgroup
startgroup
set_property package_pin U17 [get_ports {SIGNALS[115]}]
endgroup
startgroup
set_property package_pin U15 [get_ports {SIGNALS[114]}]
endgroup
startgroup
set_property package_pin U13 [get_ports {SIGNALS[113]}]
endgroup
startgroup
set_property package_pin M11 [get_ports {SIGNALS[112]}]
endgroup
startgroup
set_property package_pin V9 [get_ports {SIGNALS[111]}]
endgroup
startgroup
set_property package_pin T10 [get_ports {SIGNALS[110]}]
endgroup
startgroup
set_property package_pin P11 [get_ports {SIGNALS[109]}]
endgroup
startgroup
set_property package_pin T11 [get_ports {SIGNALS[108]}]
endgroup
startgroup
set_property package_pin V12 [get_ports {SIGNALS[107]}]
endgroup
startgroup
set_property package_pin V14 [get_ports {SIGNALS[106]}]
endgroup
startgroup
set_property package_pin V16 [get_ports {SIGNALS[105]}]
endgroup
startgroup
set_property package_pin T18 [get_ports {SIGNALS[104]}]
endgroup
startgroup
set_property package_pin K16 [get_ports {SIGNALS[103]}]
endgroup
startgroup
set_property package_pin L13 [get_ports {SIGNALS[102]}]
endgroup
startgroup
set_property package_pin P8 [get_ports {SIGNALS[101]}]
endgroup
startgroup
set_property package_pin V7 [get_ports {SIGNALS[100]}]
endgroup
startgroup
set_property package_pin T7 [get_ports {SIGNALS[99]}]
endgroup
startgroup
set_property package_pin T7 [get_ports {SIGNALS[99]}]
endgroup
startgroup
set_property package_pin P6 [get_ports {SIGNALS[98]}]
endgroup
startgroup
set_property package_pin T5 [get_ports {SIGNALS[97]}]
endgroup
startgroup
set_property package_pin T3 [get_ports {SIGNALS[96]}]
endgroup
startgroup
set_property package_pin R3 [get_ports {SIGNALS[95]}]
endgroup
startgroup
set_property package_pin R5 [get_ports {SIGNALS[94]}]
endgroup
startgroup
set_property package_pin N5 [get_ports {SIGNALS[93]}]
endgroup
startgroup
set_property package_pin R7 [get_ports {SIGNALS[92]}]
endgroup
startgroup
set_property package_pin U7 [get_ports {SIGNALS[91]}]
endgroup
startgroup
set_property package_pin N7 [get_ports {SIGNALS[90]}]
endgroup
startgroup
set_property package_pin T9 [get_ports {SIGNALS[89]}]
endgroup
startgroup
set_property package_pin R10 [get_ports {SIGNALS[88]}]
endgroup
startgroup
set_property package_pin N10 [get_ports {SIGNALS[87]}]
endgroup
startgroup
set_property package_pin R11 [get_ports {SIGNALS[86]}]
endgroup
startgroup
set_property package_pin R11 [get_ports {SIGNALS[86]}]
endgroup
set_property package_pin "" [get_ports [list  {SIGNALS[85]}]]
startgroup
set_property package_pin R11 [get_ports {SIGNALS[86]}]
endgroup
startgroup
set_property package_pin T12 [get_ports {SIGNALS[85]}]
endgroup
set_property package_pin "" [get_ports [list  {SIGNALS[83]}]]
startgroup
set_property package_pin T14 [get_ports {SIGNALS[84]}]
endgroup
startgroup
set_property package_pin U16 [get_ports {SIGNALS[83]}]
endgroup
startgroup
set_property package_pin T17 [get_ports {SIGNALS[82]}]
endgroup
set_property package_pin "" [get_ports [list  {SIGNALS[80]}]]
startgroup
set_property package_pin K15 [get_ports {SIGNALS[81]}]
endgroup
startgroup
set_property package_pin L12 [get_ports {SIGNALS[80]}]
endgroup
startgroup
set_property package_pin A3 [get_ports {SIGNALS[79]}]
endgroup
startgroup
set_property package_pin A5 [get_ports {SIGNALS[78]}]
endgroup
startgroup
set_property package_pin A6 [get_ports {SIGNALS[77]}]
endgroup
startgroup
set_property package_pin E6 [get_ports {SIGNALS[76]}]
endgroup
startgroup
set_property package_pin C8 [get_ports {SIGNALS[75]}]
endgroup
startgroup
set_property package_pin F8 [get_ports {SIGNALS[74]}]
endgroup
startgroup
set_property package_pin C9 [get_ports {SIGNALS[73]}]
endgroup
startgroup
set_property package_pin A10 [get_ports {SIGNALS[72]}]
endgroup
startgroup
set_property package_pin F10 [get_ports {SIGNALS[71]}]
endgroup
startgroup
set_property package_pin E11 [get_ports {SIGNALS[70]}]
endgroup
startgroup
set_property package_pin C12 [get_ports {SIGNALS[68]}]
endgroup
set_property package_pin "" [get_ports [list  {SIGNALS[69]}]]
startgroup
set_property package_pin A13 [get_ports {SIGNALS[68]}]
endgroup
startgroup
set_property package_pin C12 [get_ports {SIGNALS[69]}]
endgroup
startgroup
set_property package_pin A14 [get_ports {SIGNALS[67]}]
endgroup
startgroup
set_property package_pin A15 [get_ports {SIGNALS[66]}]
endgroup
startgroup
set_property package_pin C18 [get_ports {SIGNALS[65]}]
endgroup
startgroup
set_property package_pin E18 [get_ports {SIGNALS[64]}]
endgroup
startgroup
set_property package_pin F16 [get_ports {SIGNALS[63]}]
endgroup
startgroup
set_property package_pin G14 [get_ports {SIGNALS[62]}]
endgroup
startgroup
set_property package_pin H16 [get_ports {SIGNALS[61]}]
endgroup
startgroup
set_property package_pin G13 [get_ports {SIGNALS[60]}]
endgroup
startgroup
set_property package_pin D12 [get_ports {SIGNALS[59]}]
endgroup
startgroup
set_property package_pin C13 [get_ports {SIGNALS[58]}]
endgroup
startgroup
set_property package_pin B14 [get_ports {SIGNALS[57]}]
endgroup
startgroup
set_property package_pin C15 [get_ports {SIGNALS[56]}]
endgroup
startgroup
set_property package_pin C17 [get_ports {SIGNALS[55]}]
endgroup
startgroup
set_property package_pin E16 [get_ports {SIGNALS[54]}]
endgroup
startgroup
set_property package_pin F15 [get_ports {SIGNALS[53]}]
endgroup
startgroup
set_property package_pin F14 [get_ports {SIGNALS[52]}]
endgroup
startgroup
set_property package_pin H15 [get_ports {SIGNALS[51]}]
endgroup
startgroup
set_property package_pin H12 [get_ports {SIGNALS[50]}]
endgroup
startgroup
set_property package_pin B3 [get_ports {SIGNALS[49]}]
endgroup
startgroup
set_property package_pin C5 [get_ports {SIGNALS[48]}]
endgroup
startgroup
set_property package_pin B6 [get_ports {SIGNALS[47]}]
endgroup
startgroup
set_property package_pin F7 [get_ports {SIGNALS[46]}]
endgroup
set_property package_pin "" [get_ports [list  {SIGNALS[44]}]]
startgroup
set_property package_pin F7 [get_ports {SIGNALS[46]}]
endgroup
startgroup
set_property package_pin D8 [get_ports {SIGNALS[45]}]
endgroup
startgroup
set_property package_pin G8 [get_ports {SIGNALS[44]}]
endgroup
startgroup
set_property package_pin D9 [get_ports {SIGNALS[43]}]
endgroup
startgroup
set_property package_pin C10 [get_ports {SIGNALS[42]}]
endgroup
startgroup
set_property package_pin G11 [get_ports {SIGNALS[41]}]
endgroup
startgroup
set_property package_pin F11 [get_ports {SIGNALS[40]}]
endgroup
startgroup
set_property package_pin C11 [get_ports {SIGNALS[39]}]
endgroup
startgroup
set_property package_pin A11 [get_ports {SIGNALS[38]}]
endgroup
startgroup
set_property package_pin F9 [get_ports {SIGNALS[37]}]
endgroup
startgroup
set_property package_pin A9 [get_ports {SIGNALS[36]}]
endgroup
startgroup
set_property package_pin E8 [get_ports {SIGNALS[35]}]
endgroup
startgroup
set_property package_pin A8 [get_ports {SIGNALS[34]}]
endgroup
startgroup
set_property package_pin A7 [get_ports {SIGNALS[33]}]
endgroup
startgroup
set_property package_pin C6 [get_ports {SIGNALS[32]}]
endgroup
startgroup
set_property package_pin A4 [get_ports {SIGNALS[31]}]
endgroup
startgroup
set_property package_pin A2 [get_ports {SIGNALS[30]}]
endgroup
set_property package_pin "" [get_ports [list  {SIGNALS[28]}]]
startgroup
set_property package_pin K14 [get_ports {SIGNALS[29]}]
endgroup
set_property package_pin "" [get_ports [list  {SIGNALS[27]}]]
startgroup
set_property package_pin H14 [get_ports {SIGNALS[28]}]
endgroup
startgroup
set_property package_pin G18 [get_ports {SIGNALS[27]}]
endgroup
startgroup
set_property package_pin F18 [get_ports {SIGNALS[26]}]
endgroup
startgroup
set_property package_pin F18 [get_ports {SIGNALS[26]}]
endgroup
startgroup
set_property package_pin D18 [get_ports {SIGNALS[25]}]
endgroup
startgroup
set_property package_pin A16 [get_ports {SIGNALS[24]}]
endgroup
startgroup
set_property package_pin C14 [get_ports {SIGNALS[23]}]
endgroup
startgroup
set_property package_pin E13 [get_ports {SIGNALS[22]}]
endgroup
startgroup
set_property package_pin E12 [get_ports {SIGNALS[21]}]
endgroup
startgroup
set_property package_pin A12 [get_ports {SIGNALS[20]}]
endgroup
startgroup
set_property package_pin J13 [get_ports {SIGNALS[19]}]
endgroup
startgroup
set_property package_pin H13 [get_ports {SIGNALS[18]}]
endgroup
startgroup
set_property package_pin G16 [get_ports {SIGNALS[17]}]
endgroup
set_property package_pin "" [get_ports [list  {SIGNALS[15]}]]
startgroup
set_property package_pin F17 [get_ports {SIGNALS[16]}]
endgroup
startgroup
set_property package_pin D17 [get_ports {SIGNALS[15]}]
endgroup
startgroup
set_property package_pin B16 [get_ports {SIGNALS[14]}]
endgroup
startgroup
set_property package_pin D14 [get_ports {SIGNALS[13]}]
endgroup
startgroup
set_property package_pin F13 [get_ports {SIGNALS[12]}]
endgroup
startgroup
set_property package_pin F12 [get_ports {SIGNALS[11]}]
endgroup
startgroup
set_property package_pin B12 [get_ports {SIGNALS[10]}]
endgroup
startgroup
set_property package_pin D11 [get_ports {SIGNALS[9]}]
endgroup
startgroup
set_property package_pin B11 [get_ports {SIGNALS[8]}]
endgroup
set_property package_pin "" [get_ports [list  {SIGNALS[6]}]]
startgroup
set_property package_pin B11 [get_ports {SIGNALS[8]}]
endgroup
startgroup
set_property package_pin G9 [get_ports {SIGNALS[7]}]
endgroup
startgroup
set_property package_pin B9 [get_ports {SIGNALS[6]}]
endgroup
startgroup
set_property package_pin E7 [get_ports {SIGNALS[5]}]
endgroup
startgroup
set_property package_pin B8 [get_ports {SIGNALS[3]}]
endgroup
startgroup
set_property package_pin C7 [get_ports {SIGNALS[3]}]
endgroup
startgroup
set_property package_pin B8 [get_ports {SIGNALS[4]}]
endgroup
startgroup
set_property package_pin D6 [get_ports {SIGNALS[2]}]
endgroup
startgroup
set_property package_pin B4 [get_ports {SIGNALS[1]}]
endgroup
startgroup
set_property package_pin B2 [get_ports {SIGNALS[0]}]
endgroup
save_constraints
