Release 14.7 - xst P.20131013 (nt64)
Copyright (c) 1995-2013 Xilinx, Inc.  All rights reserved.
--> Parameter TMPDIR set to xst/projnav.tmp


Total REAL time to Xst completion: 0.00 secs
Total CPU time to Xst completion: 0.08 secs
 
--> Parameter xsthdpdir set to xst


Total REAL time to Xst completion: 0.00 secs
Total CPU time to Xst completion: 0.08 secs
 
--> Reading design: clocks.prj

TABLE OF CONTENTS
  1) Synthesis Options Summary
  2) HDL Parsing
  3) HDL Elaboration
  4) HDL Synthesis
       4.1) HDL Synthesis Report
  5) Advanced HDL Synthesis
       5.1) Advanced HDL Synthesis Report
  6) Low Level Synthesis
  7) Partition Report
  8) Design Summary
       8.1) Primitive and Black Box Usage
       8.2) Device utilization summary
       8.3) Partition Resource Summary
       8.4) Timing Report
            8.4.1) Clock Information
            8.4.2) Asynchronous Control Signals Information
            8.4.3) Timing Summary
            8.4.4) Timing Details
            8.4.5) Cross Clock Domains Report


=========================================================================
*                      Synthesis Options Summary                        *
=========================================================================
---- Source Parameters
Input File Name                    : "clocks.prj"
Ignore Synthesis Constraint File   : NO

---- Target Parameters
Output File Name                   : "clocks"
Output Format                      : NGC
Target Device                      : xc7a100t-3-csg324

---- Source Options
Top Module Name                    : clocks
Automatic FSM Extraction           : YES
FSM Encoding Algorithm             : Auto
Safe Implementation                : No
FSM Style                          : LUT
RAM Extraction                     : Yes
RAM Style                          : Auto
ROM Extraction                     : Yes
Shift Register Extraction          : YES
ROM Style                          : Auto
Resource Sharing                   : YES
Asynchronous To Synchronous        : NO
Shift Register Minimum Size        : 2
Use DSP Block                      : Auto
Automatic Register Balancing       : No

---- Target Options
LUT Combining                      : Auto
Reduce Control Sets                : Auto
Add IO Buffers                     : YES
Global Maximum Fanout              : 100000
Add Generic Clock Buffer(BUFG)     : 32
Register Duplication               : YES
Optimize Instantiated Primitives   : NO
Use Clock Enable                   : Auto
Use Synchronous Set                : Auto
Use Synchronous Reset              : Auto
Pack IO Registers into IOBs        : Auto
Equivalent register Removal        : YES

---- General Options
Optimization Goal                  : Speed
Optimization Effort                : 1
Power Reduction                    : NO
Keep Hierarchy                     : No
Netlist Hierarchy                  : As_Optimized
RTL Output                         : Yes
Global Optimization                : AllClockNets
Read Cores                         : YES
Write Timing Constraints           : NO
Cross Clock Analysis               : NO
Hierarchy Separator                : /
Bus Delimiter                      : <>
Case Specifier                     : Maintain
Slice Utilization Ratio            : 100
BRAM Utilization Ratio             : 100
DSP48 Utilization Ratio            : 100
Auto BRAM Packing                  : NO
Slice Utilization Ratio Delta      : 5

=========================================================================


=========================================================================
*                          HDL Parsing                                  *
=========================================================================
Analyzing Verilog file "\\psf\home\Desktop\Masters\FPGAPrototypeProjects\clock_cont\clock.v" into library work
Parsing module <clock>.
Analyzing Verilog file "\\psf\home\Desktop\Masters\FPGAPrototypeProjects\clock_cont\clock\clocks.v" into library work
Parsing module <clocks>.

=========================================================================
*                            HDL Elaboration                            *
=========================================================================

Elaborating module <clocks>.

Elaborating module <clock>.

=========================================================================
*                           HDL Synthesis                               *
=========================================================================

Synthesizing Unit <clocks>.
    Related source file is "\\psf\home\Desktop\Masters\FPGAPrototypeProjects\clock_cont\clock\clocks.v".
    Summary:
	no macro.
Unit <clocks> synthesized.

Synthesizing Unit <clock>.
    Related source file is "\\psf\home\Desktop\Masters\FPGAPrototypeProjects\clock_cont\clock.v".
    Found 4-bit register for signal <din>.
    Found 1-bit register for signal <clk_out>.
    Found 13-bit register for signal <counter>.
    Found 4-bit register for signal <div>.
    Found 13-bit adder for signal <counter[12]_GND_2_o_add_10_OUT> created at line 52.
    Found 4x4-bit multiplier for signal <period[3]_div[3]_MuLt_3_OUT> created at line 44.
    Found 8x7-bit multiplier for signal <period[3]_PWR_2_o_MuLt_4_OUT> created at line 44.
    Found 4x4-bit multiplier for signal <period[3]_din[3]_MuLt_7_OUT> created at line 49.
    Found 8x7-bit multiplier for signal <period[3]_PWR_2_o_MuLt_8_OUT> created at line 49.
    Found 4x8-bit Read Only RAM for signal <_n0042>
    Found 15-bit comparator greater for signal <n0004> created at line 44
    Found 15-bit comparator greater for signal <n0008> created at line 49
    Summary:
	inferred   1 RAM(s).
	inferred   4 Multiplier(s).
	inferred   1 Adder/Subtractor(s).
	inferred  22 D-type flip-flop(s).
	inferred   2 Comparator(s).
Unit <clock> synthesized.

=========================================================================
HDL Synthesis Report

Macro Statistics
# RAMs                                                 : 4
 4x8-bit single-port Read Only RAM                     : 4
# Multipliers                                          : 16
 4x4-bit multiplier                                    : 8
 8x7-bit multiplier                                    : 8
# Adders/Subtractors                                   : 4
 13-bit adder                                          : 4
# Registers                                            : 12
 1-bit register                                        : 4
 13-bit register                                       : 4
 8-bit register                                        : 4
# Comparators                                          : 8
 15-bit comparator greater                             : 8

=========================================================================

=========================================================================
*                       Advanced HDL Synthesis                          *
=========================================================================


Synthesizing (advanced) Unit <clock>.
The following registers are absorbed into counter <counter>: 1 register on signal <counter>.
INFO:Xst:3231 - The small RAM <Mram__n0042> will be implemented on LUTs in order to maximize performance and save block RAM resources. If you want to force its implementation on block, use option/constraint ram_style.
    -----------------------------------------------------------------------
    | ram_type           | Distributed                         |          |
    -----------------------------------------------------------------------
    | Port A                                                              |
    |     aspect ratio   | 4-word x 8-bit                      |          |
    |     weA            | connected to signal <GND>           | high     |
    |     addrA          | connected to signal <duty>          |          |
    |     diA            | connected to signal <GND>           |          |
    |     doA            | connected to internal node          |          |
    -----------------------------------------------------------------------
Unit <clock> synthesized (advanced).

=========================================================================
Advanced HDL Synthesis Report

Macro Statistics
# RAMs                                                 : 4
 4x8-bit single-port distributed Read Only RAM         : 4
# Multipliers                                          : 16
 4x4-bit multiplier                                    : 8
 8x7-bit multiplier                                    : 8
# Counters                                             : 4
 13-bit up counter                                     : 4
# Registers                                            : 36
 Flip-Flops                                            : 36
# Comparators                                          : 8
 15-bit comparator greater                             : 8

=========================================================================

=========================================================================
*                         Low Level Synthesis                           *
=========================================================================
WARNING:Xst:1426 - The value init of the FF/Latch din_0 hinder the constant cleaning in the block clock.
   You should achieve better results by setting this init to 1.
WARNING:Xst:1293 - FF/Latch <din_2> has a constant value of 0 in block <clock>. This FF/Latch will be trimmed during the optimization process.
WARNING:Xst:1896 - Due to other FF/Latch trimming, FF/Latch <div_0> has a constant value of 0 in block <clock>. This FF/Latch will be trimmed during the optimization process.
INFO:Xst:2261 - The FF/Latch <din_3> in Unit <clock> is equivalent to the following FF/Latch, which will be removed : <div_3> 

Optimizing unit <clocks> ...

Optimizing unit <clock> ...
INFO:Xst:2261 - The FF/Latch <clock3/din_0> in Unit <clocks> is equivalent to the following 3 FFs/Latches, which will be removed : <clock2/din_0> <clock1/din_0> <clock0/din_0> 

Mapping all equations...
Building and optimizing final netlist ...
Found area constraint ratio of 100 (+ 5) on block clocks, actual ratio is 0.

Final Macro Processing ...

=========================================================================
Final Register Report

Macro Statistics
# Registers                                            : 73
 Flip-Flops                                            : 73

=========================================================================

=========================================================================
*                           Partition Report                            *
=========================================================================

Partition Implementation Status
-------------------------------

  No Partitions were found in this design.

-------------------------------

=========================================================================
*                            Design Summary                             *
=========================================================================

Top Level Output File Name         : clocks.ngc

Primitive and Black Box Usage:
------------------------------
# BELS                             : 945
#      GND                         : 1
#      INV                         : 8
#      LUT1                        : 48
#      LUT2                        : 64
#      LUT3                        : 13
#      LUT4                        : 112
#      LUT5                        : 99
#      LUT6                        : 288
#      MUXCY                       : 168
#      MUXF7                       : 27
#      VCC                         : 1
#      XORCY                       : 116
# FlipFlops/Latches                : 73
#      FD                          : 69
#      FDR                         : 4
# Clock Buffers                    : 1
#      BUFGP                       : 1
# IO Buffers                       : 28
#      IBUF                        : 24
#      OBUF                        : 4

Device utilization summary:
---------------------------

Selected Device : 7a100tcsg324-3 


Slice Logic Utilization: 
 Number of Slice Registers:              73  out of  126800     0%  
 Number of Slice LUTs:                  632  out of  63400     0%  
    Number used as Logic:               632  out of  63400     0%  

Slice Logic Distribution: 
 Number of LUT Flip Flop pairs used:    645
   Number with an unused Flip Flop:     572  out of    645    88%  
   Number with an unused LUT:            13  out of    645     2%  
   Number of fully used LUT-FF pairs:    60  out of    645     9%  
   Number of unique control sets:         5

IO Utilization: 
 Number of IOs:                          29
 Number of bonded IOBs:                  29  out of    210    13%  

Specific Feature Utilization:
 Number of BUFG/BUFGCTRLs:                1  out of     32     3%  

---------------------------
Partition Resource Summary:
---------------------------

  No Partitions were found in this design.

---------------------------


=========================================================================
Timing Report

NOTE: THESE TIMING NUMBERS ARE ONLY A SYNTHESIS ESTIMATE.
      FOR ACCURATE TIMING INFORMATION PLEASE REFER TO THE TRACE REPORT
      GENERATED AFTER PLACE-and-ROUTE.

Clock Information:
------------------
-----------------------------------+------------------------+-------+
Clock Signal                       | Clock buffer(FF name)  | Load  |
-----------------------------------+------------------------+-------+
clk                                | BUFGP                  | 73    |
-----------------------------------+------------------------+-------+

Asynchronous Control Signals Information:
----------------------------------------
No asynchronous control signals found in this design

Timing Summary:
---------------
Speed Grade: -3

   Minimum period: 5.494ns (Maximum Frequency: 182.007MHz)
   Minimum input arrival time before clock: 6.013ns
   Maximum output required time after clock: 0.645ns
   Maximum combinational path delay: No path found

Timing Details:
---------------
All values displayed in nanoseconds (ns)

=========================================================================
Timing constraint: Default period analysis for Clock 'clk'
  Clock period: 5.494ns (frequency: 182.007MHz)
  Total number of paths / destination ports: 640008 / 60
-------------------------------------------------------------------------
Delay:               5.494ns (Levels of Logic = 10)
  Source:            clock3/din_1 (FF)
  Destination:       clock3/clk_out (FF)
  Source Clock:      clk rising
  Destination Clock: clk rising

  Data Path: clock3/din_1 to clock3/clk_out
                                Gate     Net
    Cell:in->out      fanout   Delay   Delay  Logical Name (Net Name)
    ----------------------------------------  ------------
     FD:C->Q              15   0.361   0.576  clock3/din_1 (clock3/din_1)
     LUT6:I3->O            3   0.097   0.305  clock3/Mmult_period[3]_div[3]_MuLt_3_OUT_Madd2_cy<4>11 (clock3/Mmult_period[3]_div[3]_MuLt_3_OUT_Madd2_cy<4>)
     LUT6:I5->O           16   0.097   0.752  clock3/Mmult_period[3]_div[3]_MuLt_3_OUT_Madd2_xor<6>11 (clock3/Mmult_period[3]_PWR_2_o_MuLt_4_OUT_Madd_lut<8>)
     LUT5:I0->O            1   0.097   0.295  clock3/Mmult_period[3]_PWR_2_o_MuLt_4_OUT_Madd1_lut<10>_SW1 (N431)
     LUT6:I5->O            1   0.097   0.000  clock3/Mmult_period[3]_PWR_2_o_MuLt_4_OUT_Madd1_lut<10> (clock3/Mmult_period[3]_PWR_2_o_MuLt_4_OUT_Madd1_lut<10>)
     MUXCY:S->O            1   0.353   0.000  clock3/Mmult_period[3]_PWR_2_o_MuLt_4_OUT_Madd1_cy<10> (clock3/Mmult_period[3]_PWR_2_o_MuLt_4_OUT_Madd1_cy<10>)
     MUXCY:CI->O           1   0.023   0.000  clock3/Mmult_period[3]_PWR_2_o_MuLt_4_OUT_Madd1_cy<11> (clock3/Mmult_period[3]_PWR_2_o_MuLt_4_OUT_Madd1_cy<11>)
     XORCY:CI->O           2   0.370   0.688  clock3/Mmult_period[3]_PWR_2_o_MuLt_4_OUT_Madd1_xor<12> (clock3/period[3]_PWR_2_o_MuLt_4_OUT<12>)
     LUT5:I0->O            0   0.097   0.000  clock3/Mcompar_n0004_lutdi5 (clock3/Mcompar_n0004_lutdi5)
     MUXCY:DI->O           1   0.337   0.000  clock3/Mcompar_n0004_cy<5> (clock3/Mcompar_n0004_cy<5>)
     MUXCY:CI->O          14   0.262   0.339  clock3/Mcompar_n0004_cy<6> (clock3/Mcompar_n0004_cy<6>)
     FDR:R                     0.349          clock3/clk_out
    ----------------------------------------
    Total                      5.494ns (2.540ns logic, 2.954ns route)
                                       (46.2% logic, 53.8% route)

=========================================================================
Timing constraint: Default OFFSET IN BEFORE for Clock 'clk'
  Total number of paths / destination ports: 1120691 / 76
-------------------------------------------------------------------------
Offset:              6.013ns (Levels of Logic = 12)
  Source:            period2<1> (PAD)
  Destination:       clock2/clk_out (FF)
  Destination Clock: clk rising

  Data Path: period2<1> to clock2/clk_out
                                Gate     Net
    Cell:in->out      fanout   Delay   Delay  Logical Name (Net Name)
    ----------------------------------------  ------------
     IBUF:I->O            39   0.001   0.664  period2_1_IBUF (period2_1_IBUF)
     LUT4:I0->O            1   0.097   0.693  clock2/Mmult_period[3]_div[3]_MuLt_3_OUT_Madd2_cy<4>11_SW0 (N290)
     LUT6:I0->O            3   0.097   0.305  clock2/Mmult_period[3]_div[3]_MuLt_3_OUT_Madd2_cy<4>11 (clock2/Mmult_period[3]_div[3]_MuLt_3_OUT_Madd2_cy<4>)
     LUT6:I5->O           16   0.097   0.752  clock2/Mmult_period[3]_div[3]_MuLt_3_OUT_Madd2_xor<6>11 (clock2/Mmult_period[3]_PWR_2_o_MuLt_4_OUT_Madd_lut<8>)
     LUT5:I0->O            1   0.097   0.295  clock2/Mmult_period[3]_PWR_2_o_MuLt_4_OUT_Madd1_lut<10>_SW1 (N434)
     LUT6:I5->O            1   0.097   0.000  clock2/Mmult_period[3]_PWR_2_o_MuLt_4_OUT_Madd1_lut<10> (clock2/Mmult_period[3]_PWR_2_o_MuLt_4_OUT_Madd1_lut<10>)
     MUXCY:S->O            1   0.353   0.000  clock2/Mmult_period[3]_PWR_2_o_MuLt_4_OUT_Madd1_cy<10> (clock2/Mmult_period[3]_PWR_2_o_MuLt_4_OUT_Madd1_cy<10>)
     MUXCY:CI->O           1   0.023   0.000  clock2/Mmult_period[3]_PWR_2_o_MuLt_4_OUT_Madd1_cy<11> (clock2/Mmult_period[3]_PWR_2_o_MuLt_4_OUT_Madd1_cy<11>)
     XORCY:CI->O           2   0.370   0.688  clock2/Mmult_period[3]_PWR_2_o_MuLt_4_OUT_Madd1_xor<12> (clock2/period[3]_PWR_2_o_MuLt_4_OUT<12>)
     LUT5:I0->O            0   0.097   0.000  clock2/Mcompar_n0004_lutdi5 (clock2/Mcompar_n0004_lutdi5)
     MUXCY:DI->O           1   0.337   0.000  clock2/Mcompar_n0004_cy<5> (clock2/Mcompar_n0004_cy<5>)
     MUXCY:CI->O          14   0.262   0.339  clock2/Mcompar_n0004_cy<6> (clock2/Mcompar_n0004_cy<6>)
     FDR:R                     0.349          clock2/clk_out
    ----------------------------------------
    Total                      6.013ns (2.277ns logic, 3.736ns route)
                                       (37.9% logic, 62.1% route)

=========================================================================
Timing constraint: Default OFFSET OUT AFTER for Clock 'clk'
  Total number of paths / destination ports: 4 / 4
-------------------------------------------------------------------------
Offset:              0.645ns (Levels of Logic = 1)
  Source:            clock0/clk_out (FF)
  Destination:       clk0 (PAD)
  Source Clock:      clk rising

  Data Path: clock0/clk_out to clk0
                                Gate     Net
    Cell:in->out      fanout   Delay   Delay  Logical Name (Net Name)
    ----------------------------------------  ------------
     FDR:C->Q              2   0.361   0.283  clock0/clk_out (clock0/clk_out)
     OBUF:I->O                 0.000          clk0_OBUF (clk0)
    ----------------------------------------
    Total                      0.645ns (0.361ns logic, 0.283ns route)
                                       (56.0% logic, 44.0% route)

=========================================================================

Cross Clock Domains Report:
--------------------------

Clock to Setup on destination clock clk
---------------+---------+---------+---------+---------+
               | Src:Rise| Src:Fall| Src:Rise| Src:Fall|
Source Clock   |Dest:Rise|Dest:Rise|Dest:Fall|Dest:Fall|
---------------+---------+---------+---------+---------+
clk            |    5.494|         |         |         |
---------------+---------+---------+---------+---------+

=========================================================================


Total REAL time to Xst completion: 11.00 secs
Total CPU time to Xst completion: 11.14 secs
 
--> 

Total memory usage is 447940 kilobytes

Number of errors   :    0 (   0 filtered)
Number of warnings :    3 (   0 filtered)
Number of infos    :    3 (   0 filtered)

